MPLINK 5.00, LINKER
Linker Map File - Created Wed Jan 04 22:31:22 2017

                                 Section Info
                  Section       Type    Address   Location Size(Bytes)
                ---------  ---------  ---------  ---------  ---------
               _entry_scn       code   0x000000    program   0x000006
    HIGH_INTERRUPT_VECTOR       code   0x000008    program   0x000006
     LOW_INTERRUPT_VECTOR       code   0x000018    program   0x000006
    REMAPPED_RESET_VECTOR       code   0x001000    program   0x000006
           .code___init.o       code   0x001006    program   0x000002
REMAPPED_HIGH_INTERRUPT_VECTOR       code   0x001008    program   0x000006
REMAPPED_LOW_INTERRUPT_VECTOR       code   0x001018    program   0x000006
                   .cinit    romdata   0x00101e    program   0x00000e
             .code_main.o       code   0x00102c    program   0x001338
       .code_usb_device.o       code   0x002364    program   0x000cf4
.romdata_usb_descriptors.o    romdata   0x003058    program   0x0001af
      .idata_fxd0808u.o_i    romdata   0x003207    program   0x000000
        .romdata_eeprom.o    romdata   0x003207    program   0x000000
      .romdata_fxd0808u.o    romdata   0x003207    program   0x000000
      .idata_fxd1616u.o_i    romdata   0x003207    program   0x000000
      .romdata_fxd1616u.o    romdata   0x003207    program   0x000000
        .idata___init.o_i    romdata   0x003207    program   0x000000
        .romdata___init.o    romdata   0x003207    program   0x000000
        .idata_eeprom.o_i    romdata   0x003207    program   0x000000
.romdata_usb_function_hid.o    romdata   0x003207    program   0x000000
.idata_usb_function_hid.o_i    romdata   0x003207    program   0x000000
    .romdata_usb_device.o    romdata   0x003207    program   0x000000
    .idata_usb_device.o_i    romdata   0x003207    program   0x000000
         .idata_c018i.o_i    romdata   0x003207    program   0x000000
         .romdata_c018i.o    romdata   0x003207    program   0x000000
.idata_usb_descriptors.o_i    romdata   0x003207    program   0x000000
          .romdata_main.o    romdata   0x003207    program   0x000000
             .stringtable    romdata   0x003207    program   0x000000
  .code_usb_descriptors.o       code   0x003208    program   0x000000
 .code_usb_function_hid.o       code   0x003208    program   0x000122
            .code_c018i.o       code   0x003208    program   0x000000
                     PROG       code   0x00332a    program   0x0000da
               _cinit_scn       code   0x003404    program   0x00009e
           .code_eeprom.o       code   0x0034a2    program   0x00005c
                   STRING       code   0x0034fe    program   0x000050
         .code_fxd1616u.o       code   0x00354e    program   0x00002c
                    .code       code   0x00357a    program   0x000020
             _startup_scn       code   0x00359a    program   0x00001c
         .code_fxd0808u.o       code   0x0035b6    program   0x00001c
          .idata_main.o_i    romdata   0x0035d2    program   0x00008d
    .config_300000_main.o    romdata   0x300000    program   0x000001
    .config_300001_main.o    romdata   0x300001    program   0x000001
    .config_300002_main.o    romdata   0x300002    program   0x000001
    .config_300003_main.o    romdata   0x300003    program   0x000001
    .config_300005_main.o    romdata   0x300005    program   0x000001
    .config_300006_main.o    romdata   0x300006    program   0x000001
    .config_300008_main.o    romdata   0x300008    program   0x000001
    .config_300009_main.o    romdata   0x300009    program   0x000001
    .config_30000a_main.o    romdata   0x30000a    program   0x000001
    .config_30000b_main.o    romdata   0x30000b    program   0x000001
    .config_30000c_main.o    romdata   0x30000c    program   0x000001
    .config_30000d_main.o    romdata   0x30000d    program   0x000001
                MATH_DATA      udata   0x000000       data   0x000014
YourLowPriorityISRCode_tmp      udata   0x000014       data   0x00000b
                 .tmpdata      udata   0x00001f       data   0x00000b
            .idata_main.o      idata   0x000060       data   0x00008d
           .udata_c018i.o      udata   0x0000ed       data   0x00000a
                   .stack      udata   0x000100       data   0x000040
            .udata_main.o      udata   0x000140       data   0x00006e
      .udata_usb_device.o      udata   0x0001ae       data   0x000040
.udata_usb_function_hid.o      udata   0x0001ee       data   0x000002
           .idata_c018i.o      idata   0x0001f0       data   0x000000
          .idata___init.o      idata   0x0001f0       data   0x000000
          .udata___init.o      udata   0x0001f0       data   0x000000
        .idata_fxd1616u.o      idata   0x0001f0       data   0x000000
        .udata_fxd1616u.o      udata   0x0001f0       data   0x000000
        .idata_fxd0808u.o      idata   0x0001f0       data   0x000000
        .udata_fxd0808u.o      udata   0x0001f0       data   0x000000
          .idata_eeprom.o      idata   0x0001f0       data   0x000000
          .udata_eeprom.o      udata   0x0001f0       data   0x000000
.idata_usb_function_hid.o      idata   0x0001f0       data   0x000000
      .idata_usb_device.o      idata   0x0001f0       data   0x000000
 .udata_usb_descriptors.o      udata   0x0001f0       data   0x000000
 .idata_usb_descriptors.o      idata   0x0001f0       data   0x000000
                  USB_BDT      udata   0x000200       data   0x000069
                  usbram2      udata   0x000269       data   0x000090
              SFR_BANKED0      udata   0x000f53       data   0x00000d
            SFR_UNBANKED0      udata   0x000f60       data   0x0000a0



                              Program Memory Usage 
                               Start         End      
                           ---------   ---------      
                            0x000000    0x000005      
                            0x000008    0x00000d      
                            0x000018    0x00001d      
                            0x001000    0x00100d      
                            0x001018    0x003206      
                            0x003208    0x00365e      
                            0x300000    0x300003      
                            0x300005    0x300006      
                            0x300008    0x30000d      
            9842 out of 16408 program addresses used, program memory utilization is 59%



                              Symbols - Sorted by Name
                     Name    Address   Location    Storage File                     
                ---------  ---------  ---------  --------- ---------                
                   D0808S   0x003340    program     static E:\3.46\pic18-lt\cxx-framework\src\traditional\math\fxd0808s.asm
                D0808SNEG   0x00334e    program     static E:\3.46\pic18-lt\cxx-framework\src\traditional\math\fxd0808s.asm
                 D0808SOK   0x00334a    program     static E:\3.46\pic18-lt\cxx-framework\src\traditional\math\fxd0808s.asm
                  D0808SX   0x003354    program     static E:\3.46\pic18-lt\cxx-framework\src\traditional\math\fxd0808s.asm
                   D1616S   0x003380    program     static E:\3.46\pic18-lt\cxx-framework\src\traditional\math\fxd1616s.asm
                D1616SNEG   0x00338e    program     static E:\3.46\pic18-lt\cxx-framework\src\traditional\math\fxd1616s.asm
                 D1616SOK   0x00338a    program     static E:\3.46\pic18-lt\cxx-framework\src\traditional\math\fxd1616s.asm
                  D1616SX   0x0033a0    program     static E:\3.46\pic18-lt\cxx-framework\src\traditional\math\fxd1616s.asm
                  DA0808S   0x003336    program     static E:\3.46\pic18-lt\cxx-framework\src\traditional\math\fxd0808s.asm
                  DA1616S   0x003370    program     static E:\3.46\pic18-lt\cxx-framework\src\traditional\math\fxd1616s.asm
                 FXD0808S   0x00332a    program     extern E:\3.46\pic18-lt\cxx-framework\src\traditional\math\fxd0808s.asm
                 FXD0808U   0x0035b6    program     extern E:\3.46\pic18-lt\cxx-framework\src\traditional\math\fxd0808u.c
                 FXD1616S   0x00335e    program     extern E:\3.46\pic18-lt\cxx-framework\src\traditional\math\fxd1616s.asm
                 FXD1616U   0x00354e    program     extern E:\3.46\pic18-lt\cxx-framework\src\traditional\math\fxd1616u.c
                 FXM1616S   0x0033aa    program     extern E:\3.46\pic18-lt\cxx-framework\src\traditional\math\fxm1616s.asm
                 High_ISR   0x000008    program     extern Z:\new_matrix\REVIVE_USB_MATRIX_Debounce\REVIVE_USB_MATRIX_Debounce_FW\main.c
         InitializeSystem   0x00156a    program     static Z:\new_matrix\REVIVE_USB_MATRIX_Debounce\REVIVE_USB_MATRIX_Debounce_FW\main.c
                  Low_ISR   0x000018    program     extern Z:\new_matrix\REVIVE_USB_MATRIX_Debounce\REVIVE_USB_MATRIX_Debounce_FW\main.c
                ProcessIO   0x0017ce    program     extern Z:\new_matrix\REVIVE_USB_MATRIX_Debounce\REVIVE_USB_MATRIX_Debounce_FW\main.c
               ReadEEPROM   0x0034a2    program     extern Z:\new_matrix\REVIVE_USB_MATRIX_Debounce\REVIVE_USB_MATRIX_Debounce_FW\eeprom.c
        Remapped_High_ISR   0x001008    program     extern Z:\new_matrix\REVIVE_USB_MATRIX_Debounce\REVIVE_USB_MATRIX_Debounce_FW\main.c
         Remapped_Low_ISR   0x001018    program     extern Z:\new_matrix\REVIVE_USB_MATRIX_Debounce\REVIVE_USB_MATRIX_Debounce_FW\main.c
               TSIGN1616A   0x0033f6    program     static E:\3.46\pic18-lt\cxx-framework\src\traditional\math\fxm1616s.asm
       USBCBCheckOtherReq   0x0020ac    program     extern Z:\new_matrix\REVIVE_USB_MATRIX_Debounce\REVIVE_USB_MATRIX_Debounce_FW\main.c
        USBCBErrorHandler   0x0020aa    program     extern Z:\new_matrix\REVIVE_USB_MATRIX_Debounce\REVIVE_USB_MATRIX_Debounce_FW\main.c
              USBCBInitEP   0x0020b2    program     extern Z:\new_matrix\REVIVE_USB_MATRIX_Debounce\REVIVE_USB_MATRIX_Debounce_FW\main.c
          USBCBSendResume   0x0020d0    program     extern Z:\new_matrix\REVIVE_USB_MATRIX_Debounce\REVIVE_USB_MATRIX_Debounce_FW\main.c
    USBCBStdSetDscHandler   0x0020b0    program     extern Z:\new_matrix\REVIVE_USB_MATRIX_Debounce\REVIVE_USB_MATRIX_Debounce_FW\main.c
             USBCBSuspend   0x0020a4    program     extern Z:\new_matrix\REVIVE_USB_MATRIX_Debounce\REVIVE_USB_MATRIX_Debounce_FW\main.c
     USBCBWakeFromSuspend   0x0020a6    program     extern Z:\new_matrix\REVIVE_USB_MATRIX_Debounce\REVIVE_USB_MATRIX_Debounce_FW\main.c
        USBCB_SOF_Handler   0x0020a8    program     extern Z:\new_matrix\REVIVE_USB_MATRIX_Debounce\REVIVE_USB_MATRIX_Debounce_FW\main.c
              USBCancelIO   0x00265c    program     extern Z:\new_matrix\REVIVE_USB_MATRIX_Debounce\REVIVE_USB_MATRIX_Debounce_FW\Microchip\USB\usb_device.c
       USBCheckHIDRequest   0x003208    program     extern Z:\new_matrix\REVIVE_USB_MATRIX_Debounce\REVIVE_USB_MATRIX_Debounce_FW\Microchip\USB\HID Device Driver\usb_function_hid.c
       USBCheckStdRequest   0x002c26    program     static Z:\new_matrix\REVIVE_USB_MATRIX_Debounce\REVIVE_USB_MATRIX_Debounce_FW\Microchip\USB\usb_device.c
     USBConfigureEndpoint   0x00271a    program     static Z:\new_matrix\REVIVE_USB_MATRIX_Debounce\REVIVE_USB_MATRIX_Debounce_FW\Microchip\USB\usb_device.c
  USBCtrlEPAllowDataStage   0x0026dc    program     extern Z:\new_matrix\REVIVE_USB_MATRIX_Debounce\REVIVE_USB_MATRIX_Debounce_FW\Microchip\USB\usb_device.c
USBCtrlEPAllowStatusStage   0x002690    program     extern Z:\new_matrix\REVIVE_USB_MATRIX_Debounce\REVIVE_USB_MATRIX_Debounce_FW\Microchip\USB\usb_device.c
         USBCtrlEPService   0x002ace    program     static Z:\new_matrix\REVIVE_USB_MATRIX_Debounce\REVIVE_USB_MATRIX_Debounce_FW\Microchip\USB\usb_device.c
 USBCtrlEPServiceComplete   0x002776    program     static Z:\new_matrix\REVIVE_USB_MATRIX_Debounce\REVIVE_USB_MATRIX_Debounce_FW\Microchip\USB\usb_device.c
      USBCtrlTrfInHandler   0x002bac    program     static Z:\new_matrix\REVIVE_USB_MATRIX_Debounce\REVIVE_USB_MATRIX_Debounce_FW\Microchip\USB\usb_device.c
     USBCtrlTrfOutHandler   0x002b8e    program     static Z:\new_matrix\REVIVE_USB_MATRIX_Debounce\REVIVE_USB_MATRIX_Debounce_FW\Microchip\USB\usb_device.c
      USBCtrlTrfRxService   0x002850    program     static Z:\new_matrix\REVIVE_USB_MATRIX_Debounce\REVIVE_USB_MATRIX_Debounce_FW\Microchip\USB\usb_device.c
   USBCtrlTrfSetupHandler   0x002b58    program     static Z:\new_matrix\REVIVE_USB_MATRIX_Debounce\REVIVE_USB_MATRIX_Debounce_FW\Microchip\USB\usb_device.c
      USBCtrlTrfTxService   0x0027d0    program     static Z:\new_matrix\REVIVE_USB_MATRIX_Debounce\REVIVE_USB_MATRIX_Debounce_FW\Microchip\USB\usb_device.c
            USBDeviceInit   0x002364    program     extern Z:\new_matrix\REVIVE_USB_MATRIX_Debounce\REVIVE_USB_MATRIX_Debounce_FW\Microchip\USB\usb_device.c
           USBDeviceTasks   0x00242e    program     extern Z:\new_matrix\REVIVE_USB_MATRIX_Debounce\REVIVE_USB_MATRIX_Debounce_FW\Microchip\USB\usb_device.c
        USBEnableEndpoint   0x002558    program     extern Z:\new_matrix\REVIVE_USB_MATRIX_Debounce\REVIVE_USB_MATRIX_Debounce_FW\Microchip\USB\usb_device.c
         USBStallEndpoint   0x00262c    program     extern Z:\new_matrix\REVIVE_USB_MATRIX_Debounce\REVIVE_USB_MATRIX_Debounce_FW\Microchip\USB\usb_device.c
          USBStallHandler   0x002a80    program     static Z:\new_matrix\REVIVE_USB_MATRIX_Debounce\REVIVE_USB_MATRIX_Debounce_FW\Microchip\USB\usb_device.c
  USBStdFeatureReqHandler   0x002cce    program     static Z:\new_matrix\REVIVE_USB_MATRIX_Debounce\REVIVE_USB_MATRIX_Debounce_FW\Microchip\USB\usb_device.c
      USBStdGetDscHandler   0x002990    program     static Z:\new_matrix\REVIVE_USB_MATRIX_Debounce\REVIVE_USB_MATRIX_Debounce_FW\Microchip\USB\usb_device.c
   USBStdGetStatusHandler   0x002a0a    program     static Z:\new_matrix\REVIVE_USB_MATRIX_Debounce\REVIVE_USB_MATRIX_Debounce_FW\Microchip\USB\usb_device.c
      USBStdSetCfgHandler   0x002918    program     static Z:\new_matrix\REVIVE_USB_MATRIX_Debounce\REVIVE_USB_MATRIX_Debounce_FW\Microchip\USB\usb_device.c
               USBSuspend   0x002aa2    program     static Z:\new_matrix\REVIVE_USB_MATRIX_Debounce\REVIVE_USB_MATRIX_Debounce_FW\Microchip\USB\usb_device.c
     USBTransferOnePacket   0x0025a0    program     extern Z:\new_matrix\REVIVE_USB_MATRIX_Debounce\REVIVE_USB_MATRIX_Debounce_FW\Microchip\USB\usb_device.c
       USBWakeFromSuspend   0x002ab6    program     static Z:\new_matrix\REVIVE_USB_MATRIX_Debounce\REVIVE_USB_MATRIX_Debounce_FW\Microchip\USB\usb_device.c
               USB_CD_Ptr   0x0031ff    program     extern Z:\new_matrix\REVIVE_USB_MATRIX_Debounce\REVIVE_USB_MATRIX_Debounce_FW\usb_descriptors.c
               USB_SD_Ptr   0x003201    program     extern Z:\new_matrix\REVIVE_USB_MATRIX_Debounce\REVIVE_USB_MATRIX_Debounce_FW\usb_descriptors.c
USER_USB_CALLBACK_EVENT_HANDLER   0x0020ec    program     extern Z:\new_matrix\REVIVE_USB_MATRIX_Debounce\REVIVE_USB_MATRIX_Debounce_FW\main.c
                 UserInit   0x001574    program     extern Z:\new_matrix\REVIVE_USB_MATRIX_Debounce\REVIVE_USB_MATRIX_Debounce_FW\main.c
              WriteEEPROM   0x0034be    program     extern Z:\new_matrix\REVIVE_USB_MATRIX_Debounce\REVIVE_USB_MATRIX_Debounce_FW\eeprom.c
  YourHighPriorityISRCode   0x00102c    program     extern Z:\new_matrix\REVIVE_USB_MATRIX_Debounce\REVIVE_USB_MATRIX_Debounce_FW\main.c
   YourLowPriorityISRCode   0x00103a    program     extern Z:\new_matrix\REVIVE_USB_MATRIX_Debounce\REVIVE_USB_MATRIX_Debounce_FW\main.c
              _2jContinue   0x00351e    program     static E:\3.46\pic18-lt\cxx-framework\src\traditional\stdclib\memset.asm
                   _3jEnd   0x003528    program     static E:\3.46\pic18-lt\cxx-framework\src\traditional\stdclib\memset.asm
           ___?:_lbl00081   0x0013ec    program     static                          
           ___?:_lbl00082   0x0013ea    program     static                          
     ___case_114_lbl00244   0x002170    program     static                          
     ___case_115_lbl00240   0x002160    program     static                          
     ___case_116_lbl00242   0x002168    program     static                          
     ___case_117_lbl00241   0x002164    program     static                          
       ___case_1_lbl00237   0x002154    program     static                          
       ___case_2_lbl00238   0x002158    program     static                          
   ___case_32767_lbl00243   0x00216c    program     static                          
       ___case_3_lbl00239   0x00215c    program     static                          
      ___default_lbl00245   0x002174    program     static                          
         ___else_lbl00008   0x00114a    program     static                          
         ___else_lbl00010   0x001158    program     static                          
         ___else_lbl00012   0x001166    program     static                          
         ___else_lbl00014   0x001174    program     static                          
         ___else_lbl00016   0x001182    program     static                          
         ___else_lbl00018   0x001190    program     static                          
         ___else_lbl00020   0x0011aa    program     static                          
         ___else_lbl00022   0x0011b8    program     static                          
         ___else_lbl00024   0x0011c6    program     static                          
         ___else_lbl00026   0x0011d4    program     static                          
         ___else_lbl00028   0x0011e2    program     static                          
         ___else_lbl00030   0x0011f0    program     static                          
         ___else_lbl00032   0x00120a    program     static                          
         ___else_lbl00034   0x001218    program     static                          
         ___else_lbl00036   0x001226    program     static                          
         ___else_lbl00038   0x001234    program     static                          
         ___else_lbl00040   0x001242    program     static                          
         ___else_lbl00042   0x001250    program     static                          
         ___else_lbl00044   0x00126a    program     static                          
         ___else_lbl00046   0x001278    program     static                          
         ___else_lbl00048   0x001286    program     static                          
         ___else_lbl00050   0x001294    program     static                          
         ___else_lbl00052   0x0012a2    program     static                          
         ___else_lbl00054   0x0012b0    program     static                          
         ___else_lbl00056   0x0012ca    program     static                          
         ___else_lbl00058   0x0012d8    program     static                          
         ___else_lbl00060   0x0012e6    program     static                          
         ___else_lbl00062   0x0012f4    program     static                          
         ___else_lbl00064   0x001302    program     static                          
         ___else_lbl00066   0x001310    program     static                          
         ___else_lbl00068   0x00132a    program     static                          
         ___else_lbl00070   0x001338    program     static                          
         ___else_lbl00072   0x001346    program     static                          
         ___else_lbl00074   0x001354    program     static                          
         ___else_lbl00076   0x001362    program     static                          
         ___else_lbl00078   0x001370    program     static                          
         ___else_lbl00088   0x00148c    program     static                          
          ___for_lbl00079   0x00150a    program     static                          
          ___for_lbl00080   0x001510    program     static                          
          ___for_lbl00089   0x00137a    program     static                          
           ___if_lbl00007   0x00114e    program     static                          
           ___if_lbl00009   0x00115c    program     static                          
           ___if_lbl00011   0x00116a    program     static                          
           ___if_lbl00013   0x001178    program     static                          
           ___if_lbl00015   0x001186    program     static                          
           ___if_lbl00017   0x001194    program     static                          
           ___if_lbl00019   0x0011ae    program     static                          
           ___if_lbl00021   0x0011bc    program     static                          
           ___if_lbl00023   0x0011ca    program     static                          
           ___if_lbl00025   0x0011d8    program     static                          
           ___if_lbl00027   0x0011e6    program     static                          
           ___if_lbl00029   0x0011f4    program     static                          
           ___if_lbl00031   0x00120e    program     static                          
           ___if_lbl00033   0x00121c    program     static                          
           ___if_lbl00035   0x00122a    program     static                          
           ___if_lbl00037   0x001238    program     static                          
           ___if_lbl00039   0x001246    program     static                          
           ___if_lbl00041   0x001254    program     static                          
           ___if_lbl00043   0x00126e    program     static                          
           ___if_lbl00045   0x00127c    program     static                          
           ___if_lbl00047   0x00128a    program     static                          
           ___if_lbl00049   0x001298    program     static                          
           ___if_lbl00051   0x0012a6    program     static                          
           ___if_lbl00053   0x0012b4    program     static                          
           ___if_lbl00055   0x0012ce    program     static                          
           ___if_lbl00057   0x0012dc    program     static                          
           ___if_lbl00059   0x0012ea    program     static                          
           ___if_lbl00061   0x0012f8    program     static                          
           ___if_lbl00063   0x001306    program     static                          
           ___if_lbl00065   0x001314    program     static                          
           ___if_lbl00067   0x00132e    program     static                          
           ___if_lbl00069   0x00133c    program     static                          
           ___if_lbl00071   0x00134a    program     static                          
           ___if_lbl00073   0x001358    program     static                          
           ___if_lbl00075   0x001366    program     static                          
           ___if_lbl00077   0x001374    program     static                          
           ___if_lbl00083   0x001442    program     static                          
           ___if_lbl00084   0x00148a    program     static                          
           ___if_lbl00085   0x0014c8    program     static                          
           ___if_lbl00086   0x00150a    program     static                          
           ___if_lbl00087   0x00150a    program     static                          
           ___if_lbl00090   0x001510    program     static                          
       ___return_lbl00000   0x0035d0    program     static                          
       ___return_lbl00000   0x001004    program     static                          
       ___return_lbl00000   0x003578    program     static                          
       ___return_lbl00000   0x000004    program     static                          
       ___return_lbl00001   0x00100c    program     static                          
       ___return_lbl00001   0x0035b4    program     static                          
       ___return_lbl00002   0x00101c    program     static                          
       ___return_lbl00002   0x0034a0    program     static                          
       ___return_lbl00003   0x00000c    program     static                          
       ___return_lbl00004   0x00001c    program     static                          
       ___return_lbl00006   0x001510    program     static                          
       ___return_lbl00235   0x00217a    program     static                          
   ___switchexit_lbl00236   0x002176    program     static                          
               __config_0   0x300000    program     static Z:\new_matrix\REVIVE_USB_MATRIX_Debounce\REVIVE_USB_MATRIX_Debounce_FW\main.c
               __config_1   0x300001    program     static Z:\new_matrix\REVIVE_USB_MATRIX_Debounce\REVIVE_USB_MATRIX_Debounce_FW\main.c
              __config_10   0x30000c    program     static Z:\new_matrix\REVIVE_USB_MATRIX_Debounce\REVIVE_USB_MATRIX_Debounce_FW\main.c
              __config_11   0x30000d    program     static Z:\new_matrix\REVIVE_USB_MATRIX_Debounce\REVIVE_USB_MATRIX_Debounce_FW\main.c
               __config_2   0x300002    program     static Z:\new_matrix\REVIVE_USB_MATRIX_Debounce\REVIVE_USB_MATRIX_Debounce_FW\main.c
               __config_3   0x300003    program     static Z:\new_matrix\REVIVE_USB_MATRIX_Debounce\REVIVE_USB_MATRIX_Debounce_FW\main.c
               __config_4   0x300005    program     static Z:\new_matrix\REVIVE_USB_MATRIX_Debounce\REVIVE_USB_MATRIX_Debounce_FW\main.c
               __config_5   0x300006    program     static Z:\new_matrix\REVIVE_USB_MATRIX_Debounce\REVIVE_USB_MATRIX_Debounce_FW\main.c
               __config_6   0x300008    program     static Z:\new_matrix\REVIVE_USB_MATRIX_Debounce\REVIVE_USB_MATRIX_Debounce_FW\main.c
               __config_7   0x300009    program     static Z:\new_matrix\REVIVE_USB_MATRIX_Debounce\REVIVE_USB_MATRIX_Debounce_FW\main.c
               __config_8   0x30000a    program     static Z:\new_matrix\REVIVE_USB_MATRIX_Debounce\REVIVE_USB_MATRIX_Debounce_FW\main.c
               __config_9   0x30000b    program     static Z:\new_matrix\REVIVE_USB_MATRIX_Debounce\REVIVE_USB_MATRIX_Debounce_FW\main.c
                   __init   0x001006    program     extern E:\3.46\pic18-lt\cxx-framework\src\traditional\stdclib\__init.c
                   __pa_0   0x002df8    program     static Z:\new_matrix\REVIVE_USB_MATRIX_Debounce\REVIVE_USB_MATRIX_Debounce_FW\Microchip\USB\usb_device.c
                   __pa_0   0x002182    program     static Z:\new_matrix\REVIVE_USB_MATRIX_Debounce\REVIVE_USB_MATRIX_Debounce_FW\main.c
                   __pa_1   0x002e00    program     static Z:\new_matrix\REVIVE_USB_MATRIX_Debounce\REVIVE_USB_MATRIX_Debounce_FW\Microchip\USB\usb_device.c
                   __pa_1   0x00219e    program     static Z:\new_matrix\REVIVE_USB_MATRIX_Debounce\REVIVE_USB_MATRIX_Debounce_FW\main.c
                  __pa_10   0x002e5e    program     static Z:\new_matrix\REVIVE_USB_MATRIX_Debounce\REVIVE_USB_MATRIX_Debounce_FW\Microchip\USB\usb_device.c
                  __pa_10   0x00223a    program     static Z:\new_matrix\REVIVE_USB_MATRIX_Debounce\REVIVE_USB_MATRIX_Debounce_FW\main.c
                  __pa_11   0x002e6e    program     static Z:\new_matrix\REVIVE_USB_MATRIX_Debounce\REVIVE_USB_MATRIX_Debounce_FW\Microchip\USB\usb_device.c
                  __pa_11   0x00224c    program     static Z:\new_matrix\REVIVE_USB_MATRIX_Debounce\REVIVE_USB_MATRIX_Debounce_FW\main.c
                  __pa_12   0x002e78    program     static Z:\new_matrix\REVIVE_USB_MATRIX_Debounce\REVIVE_USB_MATRIX_Debounce_FW\Microchip\USB\usb_device.c
                  __pa_12   0x00225a    program     static Z:\new_matrix\REVIVE_USB_MATRIX_Debounce\REVIVE_USB_MATRIX_Debounce_FW\main.c
                  __pa_13   0x00226a    program     static Z:\new_matrix\REVIVE_USB_MATRIX_Debounce\REVIVE_USB_MATRIX_Debounce_FW\main.c
                  __pa_13   0x002e8c    program     static Z:\new_matrix\REVIVE_USB_MATRIX_Debounce\REVIVE_USB_MATRIX_Debounce_FW\Microchip\USB\usb_device.c
                  __pa_14   0x002ea0    program     static Z:\new_matrix\REVIVE_USB_MATRIX_Debounce\REVIVE_USB_MATRIX_Debounce_FW\Microchip\USB\usb_device.c
                  __pa_14   0x002274    program     static Z:\new_matrix\REVIVE_USB_MATRIX_Debounce\REVIVE_USB_MATRIX_Debounce_FW\main.c
                  __pa_15   0x002eac    program     static Z:\new_matrix\REVIVE_USB_MATRIX_Debounce\REVIVE_USB_MATRIX_Debounce_FW\Microchip\USB\usb_device.c
                  __pa_15   0x002284    program     static Z:\new_matrix\REVIVE_USB_MATRIX_Debounce\REVIVE_USB_MATRIX_Debounce_FW\main.c
                  __pa_16   0x002ec6    program     static Z:\new_matrix\REVIVE_USB_MATRIX_Debounce\REVIVE_USB_MATRIX_Debounce_FW\Microchip\USB\usb_device.c
                  __pa_16   0x00229c    program     static Z:\new_matrix\REVIVE_USB_MATRIX_Debounce\REVIVE_USB_MATRIX_Debounce_FW\main.c
                  __pa_17   0x002ed2    program     static Z:\new_matrix\REVIVE_USB_MATRIX_Debounce\REVIVE_USB_MATRIX_Debounce_FW\Microchip\USB\usb_device.c
                  __pa_17   0x0022a8    program     static Z:\new_matrix\REVIVE_USB_MATRIX_Debounce\REVIVE_USB_MATRIX_Debounce_FW\main.c
                  __pa_18   0x002ede    program     static Z:\new_matrix\REVIVE_USB_MATRIX_Debounce\REVIVE_USB_MATRIX_Debounce_FW\Microchip\USB\usb_device.c
                  __pa_18   0x0022b6    program     static Z:\new_matrix\REVIVE_USB_MATRIX_Debounce\REVIVE_USB_MATRIX_Debounce_FW\main.c
                  __pa_19   0x002ee6    program     static Z:\new_matrix\REVIVE_USB_MATRIX_Debounce\REVIVE_USB_MATRIX_Debounce_FW\Microchip\USB\usb_device.c
                  __pa_19   0x0022c2    program     static Z:\new_matrix\REVIVE_USB_MATRIX_Debounce\REVIVE_USB_MATRIX_Debounce_FW\main.c
                   __pa_2   0x0021c2    program     static Z:\new_matrix\REVIVE_USB_MATRIX_Debounce\REVIVE_USB_MATRIX_Debounce_FW\main.c
                   __pa_2   0x002e0a    program     static Z:\new_matrix\REVIVE_USB_MATRIX_Debounce\REVIVE_USB_MATRIX_Debounce_FW\Microchip\USB\usb_device.c
                  __pa_20   0x0022d2    program     static Z:\new_matrix\REVIVE_USB_MATRIX_Debounce\REVIVE_USB_MATRIX_Debounce_FW\main.c
                  __pa_20   0x002eee    program     static Z:\new_matrix\REVIVE_USB_MATRIX_Debounce\REVIVE_USB_MATRIX_Debounce_FW\Microchip\USB\usb_device.c
                  __pa_21   0x002efa    program     static Z:\new_matrix\REVIVE_USB_MATRIX_Debounce\REVIVE_USB_MATRIX_Debounce_FW\Microchip\USB\usb_device.c
                  __pa_21   0x0022da    program     static Z:\new_matrix\REVIVE_USB_MATRIX_Debounce\REVIVE_USB_MATRIX_Debounce_FW\main.c
                  __pa_22   0x002f0a    program     static Z:\new_matrix\REVIVE_USB_MATRIX_Debounce\REVIVE_USB_MATRIX_Debounce_FW\Microchip\USB\usb_device.c
                  __pa_22   0x0022e2    program     static Z:\new_matrix\REVIVE_USB_MATRIX_Debounce\REVIVE_USB_MATRIX_Debounce_FW\main.c
                  __pa_23   0x002f1a    program     static Z:\new_matrix\REVIVE_USB_MATRIX_Debounce\REVIVE_USB_MATRIX_Debounce_FW\Microchip\USB\usb_device.c
                  __pa_23   0x0022ea    program     static Z:\new_matrix\REVIVE_USB_MATRIX_Debounce\REVIVE_USB_MATRIX_Debounce_FW\main.c
                  __pa_24   0x002f2a    program     static Z:\new_matrix\REVIVE_USB_MATRIX_Debounce\REVIVE_USB_MATRIX_Debounce_FW\Microchip\USB\usb_device.c
                  __pa_24   0x0022f8    program     static Z:\new_matrix\REVIVE_USB_MATRIX_Debounce\REVIVE_USB_MATRIX_Debounce_FW\main.c
                  __pa_25   0x002302    program     static Z:\new_matrix\REVIVE_USB_MATRIX_Debounce\REVIVE_USB_MATRIX_Debounce_FW\main.c
                  __pa_25   0x002f38    program     static Z:\new_matrix\REVIVE_USB_MATRIX_Debounce\REVIVE_USB_MATRIX_Debounce_FW\Microchip\USB\usb_device.c
                  __pa_26   0x002308    program     static Z:\new_matrix\REVIVE_USB_MATRIX_Debounce\REVIVE_USB_MATRIX_Debounce_FW\main.c
                  __pa_26   0x002f46    program     static Z:\new_matrix\REVIVE_USB_MATRIX_Debounce\REVIVE_USB_MATRIX_Debounce_FW\Microchip\USB\usb_device.c
                  __pa_27   0x00230e    program     static Z:\new_matrix\REVIVE_USB_MATRIX_Debounce\REVIVE_USB_MATRIX_Debounce_FW\main.c
                  __pa_27   0x002f54    program     static Z:\new_matrix\REVIVE_USB_MATRIX_Debounce\REVIVE_USB_MATRIX_Debounce_FW\Microchip\USB\usb_device.c
                  __pa_28   0x00231e    program     static Z:\new_matrix\REVIVE_USB_MATRIX_Debounce\REVIVE_USB_MATRIX_Debounce_FW\main.c
                  __pa_28   0x002f62    program     static Z:\new_matrix\REVIVE_USB_MATRIX_Debounce\REVIVE_USB_MATRIX_Debounce_FW\Microchip\USB\usb_device.c
                  __pa_29   0x00232c    program     static Z:\new_matrix\REVIVE_USB_MATRIX_Debounce\REVIVE_USB_MATRIX_Debounce_FW\main.c
                  __pa_29   0x002f6c    program     static Z:\new_matrix\REVIVE_USB_MATRIX_Debounce\REVIVE_USB_MATRIX_Debounce_FW\Microchip\USB\usb_device.c
                   __pa_3   0x0021d8    program     static Z:\new_matrix\REVIVE_USB_MATRIX_Debounce\REVIVE_USB_MATRIX_Debounce_FW\main.c
                   __pa_3   0x002e12    program     static Z:\new_matrix\REVIVE_USB_MATRIX_Debounce\REVIVE_USB_MATRIX_Debounce_FW\Microchip\USB\usb_device.c
                  __pa_30   0x002336    program     static Z:\new_matrix\REVIVE_USB_MATRIX_Debounce\REVIVE_USB_MATRIX_Debounce_FW\main.c
                  __pa_30   0x002f84    program     static Z:\new_matrix\REVIVE_USB_MATRIX_Debounce\REVIVE_USB_MATRIX_Debounce_FW\Microchip\USB\usb_device.c
                  __pa_31   0x002f90    program     static Z:\new_matrix\REVIVE_USB_MATRIX_Debounce\REVIVE_USB_MATRIX_Debounce_FW\Microchip\USB\usb_device.c
                  __pa_31   0x002340    program     static Z:\new_matrix\REVIVE_USB_MATRIX_Debounce\REVIVE_USB_MATRIX_Debounce_FW\main.c
                  __pa_32   0x00234c    program     static Z:\new_matrix\REVIVE_USB_MATRIX_Debounce\REVIVE_USB_MATRIX_Debounce_FW\main.c
                  __pa_32   0x002f98    program     static Z:\new_matrix\REVIVE_USB_MATRIX_Debounce\REVIVE_USB_MATRIX_Debounce_FW\Microchip\USB\usb_device.c
                  __pa_33   0x002fac    program     static Z:\new_matrix\REVIVE_USB_MATRIX_Debounce\REVIVE_USB_MATRIX_Debounce_FW\Microchip\USB\usb_device.c
                  __pa_33   0x002358    program     static Z:\new_matrix\REVIVE_USB_MATRIX_Debounce\REVIVE_USB_MATRIX_Debounce_FW\main.c
                  __pa_34   0x002fbe    program     static Z:\new_matrix\REVIVE_USB_MATRIX_Debounce\REVIVE_USB_MATRIX_Debounce_FW\Microchip\USB\usb_device.c
                  __pa_35   0x002fcc    program     static Z:\new_matrix\REVIVE_USB_MATRIX_Debounce\REVIVE_USB_MATRIX_Debounce_FW\Microchip\USB\usb_device.c
                  __pa_36   0x002fd6    program     static Z:\new_matrix\REVIVE_USB_MATRIX_Debounce\REVIVE_USB_MATRIX_Debounce_FW\Microchip\USB\usb_device.c
                  __pa_37   0x002fe0    program     static Z:\new_matrix\REVIVE_USB_MATRIX_Debounce\REVIVE_USB_MATRIX_Debounce_FW\Microchip\USB\usb_device.c
                  __pa_38   0x002fe6    program     static Z:\new_matrix\REVIVE_USB_MATRIX_Debounce\REVIVE_USB_MATRIX_Debounce_FW\Microchip\USB\usb_device.c
                  __pa_39   0x002fee    program     static Z:\new_matrix\REVIVE_USB_MATRIX_Debounce\REVIVE_USB_MATRIX_Debounce_FW\Microchip\USB\usb_device.c
                   __pa_4   0x0021e8    program     static Z:\new_matrix\REVIVE_USB_MATRIX_Debounce\REVIVE_USB_MATRIX_Debounce_FW\main.c
                   __pa_4   0x002e1c    program     static Z:\new_matrix\REVIVE_USB_MATRIX_Debounce\REVIVE_USB_MATRIX_Debounce_FW\Microchip\USB\usb_device.c
                  __pa_40   0x002ff4    program     static Z:\new_matrix\REVIVE_USB_MATRIX_Debounce\REVIVE_USB_MATRIX_Debounce_FW\Microchip\USB\usb_device.c
                  __pa_41   0x003002    program     static Z:\new_matrix\REVIVE_USB_MATRIX_Debounce\REVIVE_USB_MATRIX_Debounce_FW\Microchip\USB\usb_device.c
                  __pa_42   0x003010    program     static Z:\new_matrix\REVIVE_USB_MATRIX_Debounce\REVIVE_USB_MATRIX_Debounce_FW\Microchip\USB\usb_device.c
                  __pa_43   0x00301e    program     static Z:\new_matrix\REVIVE_USB_MATRIX_Debounce\REVIVE_USB_MATRIX_Debounce_FW\Microchip\USB\usb_device.c
                  __pa_44   0x003028    program     static Z:\new_matrix\REVIVE_USB_MATRIX_Debounce\REVIVE_USB_MATRIX_Debounce_FW\Microchip\USB\usb_device.c
                  __pa_45   0x003032    program     static Z:\new_matrix\REVIVE_USB_MATRIX_Debounce\REVIVE_USB_MATRIX_Debounce_FW\Microchip\USB\usb_device.c
                  __pa_46   0x00303a    program     static Z:\new_matrix\REVIVE_USB_MATRIX_Debounce\REVIVE_USB_MATRIX_Debounce_FW\Microchip\USB\usb_device.c
                  __pa_47   0x003046    program     static Z:\new_matrix\REVIVE_USB_MATRIX_Debounce\REVIVE_USB_MATRIX_Debounce_FW\Microchip\USB\usb_device.c
                  __pa_48   0x003050    program     static Z:\new_matrix\REVIVE_USB_MATRIX_Debounce\REVIVE_USB_MATRIX_Debounce_FW\Microchip\USB\usb_device.c
                   __pa_5   0x002e26    program     static Z:\new_matrix\REVIVE_USB_MATRIX_Debounce\REVIVE_USB_MATRIX_Debounce_FW\Microchip\USB\usb_device.c
                   __pa_5   0x002204    program     static Z:\new_matrix\REVIVE_USB_MATRIX_Debounce\REVIVE_USB_MATRIX_Debounce_FW\main.c
                   __pa_6   0x002e30    program     static Z:\new_matrix\REVIVE_USB_MATRIX_Debounce\REVIVE_USB_MATRIX_Debounce_FW\Microchip\USB\usb_device.c
                   __pa_6   0x00220e    program     static Z:\new_matrix\REVIVE_USB_MATRIX_Debounce\REVIVE_USB_MATRIX_Debounce_FW\main.c
                   __pa_7   0x002e38    program     static Z:\new_matrix\REVIVE_USB_MATRIX_Debounce\REVIVE_USB_MATRIX_Debounce_FW\Microchip\USB\usb_device.c
                   __pa_7   0x002216    program     static Z:\new_matrix\REVIVE_USB_MATRIX_Debounce\REVIVE_USB_MATRIX_Debounce_FW\main.c
                   __pa_8   0x002e48    program     static Z:\new_matrix\REVIVE_USB_MATRIX_Debounce\REVIVE_USB_MATRIX_Debounce_FW\Microchip\USB\usb_device.c
                   __pa_8   0x00221c    program     static Z:\new_matrix\REVIVE_USB_MATRIX_Debounce\REVIVE_USB_MATRIX_Debounce_FW\main.c
                   __pa_9   0x002e52    program     static Z:\new_matrix\REVIVE_USB_MATRIX_Debounce\REVIVE_USB_MATRIX_Debounce_FW\Microchip\USB\usb_device.c
                   __pa_9   0x00222c    program     static Z:\new_matrix\REVIVE_USB_MATRIX_Debounce\REVIVE_USB_MATRIX_Debounce_FW\main.c
              __tmplbl_13   0x002108    program     static                          
              __tmplbl_14   0x002114    program     static                          
              __tmplbl_15   0x00211e    program     static                          
              __tmplbl_16   0x002128    program     static                          
              __tmplbl_17   0x002132    program     static                          
              __tmplbl_18   0x00213c    program     static                          
              __tmplbl_19   0x002146    program     static                          
              __tmplbl_20   0x002150    program     static                          
              __tmplbl_21   0x00138e    program     static                          
              __tmplbl_24   0x002e30    program     static                          
              __tmplbl_27   0x002090    program     static                          
              __tmplbl_28   0x002090    program     static                          
              __tmplbl_34   0x002e30    program     static                          
              __tmplbl_37   0x002e30    program     static                          
              __tmplbl_38   0x002e30    program     static                          
            __zero_memory   0x00357a    program     extern E:\3.46\pic18-lt\cxx-framework\src\traditional\proc\p18f14k50.asm
                _do_cinit   0x003404    program     extern E:\3.46\pic18-lt\cxx-framework\src\traditional\startup\c018i.c
                   _entry   0x000000    program     extern E:\3.46\pic18-lt\cxx-framework\src\traditional\startup\c018i.c
                   _reset   0x001000    program     extern Z:\new_matrix\REVIVE_USB_MATRIX_Debounce\REVIVE_USB_MATRIX_Debounce_FW\main.c
                 _startup   0x00359a    program     extern E:\3.46\pic18-lt\cxx-framework\src\traditional\startup\c018i.c
                compare_l   0x003590    program     static E:\3.46\pic18-lt\cxx-framework\src\traditional\proc\p18f14k50.asm
        configDescriptor1   0x00306a    program     extern Z:\new_matrix\REVIVE_USB_MATRIX_Debounce\REVIVE_USB_MATRIX_Debounce_FW\usb_descriptors.c
                copy_loop   0x003476    program     static                          
            copy_one_byte   0x00347c    program     static                          
               device_dsc   0x003058    program     extern Z:\new_matrix\REVIVE_USB_MATRIX_Debounce\REVIVE_USB_MATRIX_Debounce_FW\usb_descriptors.c
                     done   0x0034a0    program     static                          
             done_copying   0x00348a    program     static                          
                  endloop   0x0035cc    program     static                          
                  endloop   0x003574    program     static                          
                hid_rpt01   0x0030ec    program     extern Z:\new_matrix\REVIVE_USB_MATRIX_Debounce\REVIVE_USB_MATRIX_Debounce_FW\usb_descriptors.c
                hid_rpt02   0x003120    program     extern Z:\new_matrix\REVIVE_USB_MATRIX_Debounce\REVIVE_USB_MATRIX_Debounce_FW\usb_descriptors.c
                hid_rpt03   0x003151    program     extern Z:\new_matrix\REVIVE_USB_MATRIX_Debounce\REVIVE_USB_MATRIX_Debounce_FW\usb_descriptors.c
                hid_rpt04   0x003190    program     extern Z:\new_matrix\REVIVE_USB_MATRIX_Debounce\REVIVE_USB_MATRIX_Debounce_FW\usb_descriptors.c
                     jEnd   0x00354c    program     static E:\3.46\pic18-lt\cxx-framework\src\traditional\stdclib\strlen.asm
                     jEnd   0x003530    program     static E:\3.46\pic18-lt\cxx-framework\src\traditional\stdclib\memset.asm
                    jLoop   0x003512    program     static E:\3.46\pic18-lt\cxx-framework\src\traditional\stdclib\memset.asm
                    jLoop   0x003542    program     static E:\3.46\pic18-lt\cxx-framework\src\traditional\stdclib\strlen.asm
                     loop   0x003558    program     static                          
                     loop   0x0035aa    program     static                          
                     loop   0x0035be    program     static                          
                   loop_h   0x003588    program     static E:\3.46\pic18-lt\cxx-framework\src\traditional\proc\p18f14k50.asm
                   loop_l   0x003592    program     static E:\3.46\pic18-lt\cxx-framework\src\traditional\proc\p18f14k50.asm
                     main   0x001560    program     extern Z:\new_matrix\REVIVE_USB_MATRIX_Debounce\REVIVE_USB_MATRIX_Debounce_FW\main.c
                   memset   0x0034fe    program     extern E:\3.46\pic18-lt\cxx-framework\src\traditional\stdclib\memset.asm
                    sd000   0x0031ad    program     extern Z:\new_matrix\REVIVE_USB_MATRIX_Debounce\REVIVE_USB_MATRIX_Debounce_FW\usb_descriptors.c
                    sd001   0x0031b1    program     extern Z:\new_matrix\REVIVE_USB_MATRIX_Debounce\REVIVE_USB_MATRIX_Debounce_FW\usb_descriptors.c
                    sd002   0x0031d7    program     extern Z:\new_matrix\REVIVE_USB_MATRIX_Debounce\REVIVE_USB_MATRIX_Debounce_FW\usb_descriptors.c
                   strlen   0x003532    program     extern E:\3.46\pic18-lt\cxx-framework\src\traditional\stdclib\strlen.asm
                     test   0x00341e    program     static                          
               zero_block   0x003588    program     static E:\3.46\pic18-lt\cxx-framework\src\traditional\proc\p18f14k50.asm
                   ADCON0   0x000fc2       data     extern E:\3.46\pic18-lt\cxx-framework\src\traditional\proc\p18f14k50.asm
               ADCON0bits   0x000fc2       data     extern E:\3.46\pic18-lt\cxx-framework\src\traditional\proc\p18f14k50.asm
                   ADCON1   0x000fc1       data     extern E:\3.46\pic18-lt\cxx-framework\src\traditional\proc\p18f14k50.asm
               ADCON1bits   0x000fc1       data     extern E:\3.46\pic18-lt\cxx-framework\src\traditional\proc\p18f14k50.asm
                   ADCON2   0x000fc0       data     extern E:\3.46\pic18-lt\cxx-framework\src\traditional\proc\p18f14k50.asm
               ADCON2bits   0x000fc0       data     extern E:\3.46\pic18-lt\cxx-framework\src\traditional\proc\p18f14k50.asm
                    ADRES   0x000fc3       data     extern E:\3.46\pic18-lt\cxx-framework\src\traditional\proc\p18f14k50.asm
                   ADRESH   0x000fc4       data     extern E:\3.46\pic18-lt\cxx-framework\src\traditional\proc\p18f14k50.asm
                   ADRESL   0x000fc3       data     extern E:\3.46\pic18-lt\cxx-framework\src\traditional\proc\p18f14k50.asm
                    ANSEL   0x000f7e       data     extern E:\3.46\pic18-lt\cxx-framework\src\traditional\proc\p18f14k50.asm
                   ANSELH   0x000f7f       data     extern E:\3.46\pic18-lt\cxx-framework\src\traditional\proc\p18f14k50.asm
               ANSELHbits   0x000f7f       data     extern E:\3.46\pic18-lt\cxx-framework\src\traditional\proc\p18f14k50.asm
                ANSELbits   0x000f7e       data     extern E:\3.46\pic18-lt\cxx-framework\src\traditional\proc\p18f14k50.asm
                  BAUDCON   0x000fb8       data     extern E:\3.46\pic18-lt\cxx-framework\src\traditional\proc\p18f14k50.asm
              BAUDCONbits   0x000fb8       data     extern E:\3.46\pic18-lt\cxx-framework\src\traditional\proc\p18f14k50.asm
                  BAUDCTL   0x000fb8       data     extern E:\3.46\pic18-lt\cxx-framework\src\traditional\proc\p18f14k50.asm
              BAUDCTLbits   0x000fb8       data     extern E:\3.46\pic18-lt\cxx-framework\src\traditional\proc\p18f14k50.asm
                      BDT   0x000200       data     extern Z:\new_matrix\REVIVE_USB_MATRIX_Debounce\REVIVE_USB_MATRIX_Debounce_FW\Microchip\USB\usb_device.c
                      BSR   0x000fe0       data     extern E:\3.46\pic18-lt\cxx-framework\src\traditional\proc\p18f14k50.asm
       BothEP0OutUOWNsSet   0x0001dd       data     extern Z:\new_matrix\REVIVE_USB_MATRIX_Debounce\REVIVE_USB_MATRIX_Debounce_FW\Microchip\USB\usb_device.c
                  CCP1CON   0x000fbd       data     extern E:\3.46\pic18-lt\cxx-framework\src\traditional\proc\p18f14k50.asm
              CCP1CONbits   0x000fbd       data     extern E:\3.46\pic18-lt\cxx-framework\src\traditional\proc\p18f14k50.asm
                    CCPR1   0x000fbe       data     extern E:\3.46\pic18-lt\cxx-framework\src\traditional\proc\p18f14k50.asm
                   CCPR1H   0x000fbf       data     extern E:\3.46\pic18-lt\cxx-framework\src\traditional\proc\p18f14k50.asm
                   CCPR1L   0x000fbe       data     extern E:\3.46\pic18-lt\cxx-framework\src\traditional\proc\p18f14k50.asm
                  CM1CON0   0x000f6d       data     extern E:\3.46\pic18-lt\cxx-framework\src\traditional\proc\p18f14k50.asm
              CM1CON0bits   0x000f6d       data     extern E:\3.46\pic18-lt\cxx-framework\src\traditional\proc\p18f14k50.asm
                  CM2CON0   0x000f6b       data     extern E:\3.46\pic18-lt\cxx-framework\src\traditional\proc\p18f14k50.asm
              CM2CON0bits   0x000f6b       data     extern E:\3.46\pic18-lt\cxx-framework\src\traditional\proc\p18f14k50.asm
                  CM2CON1   0x000f6c       data     extern E:\3.46\pic18-lt\cxx-framework\src\traditional\proc\p18f14k50.asm
              CM2CON1bits   0x000f6c       data     extern E:\3.46\pic18-lt\cxx-framework\src\traditional\proc\p18f14k50.asm
              CtrlTrfData   0x000258       data     extern Z:\new_matrix\REVIVE_USB_MATRIX_Debounce\REVIVE_USB_MATRIX_Debounce_FW\Microchip\USB\usb_device.c
                     DDRA   0x000f92       data     extern E:\3.46\pic18-lt\cxx-framework\src\traditional\proc\p18f14k50.asm
                 DDRAbits   0x000f92       data     extern E:\3.46\pic18-lt\cxx-framework\src\traditional\proc\p18f14k50.asm
                     DDRB   0x000f93       data     extern E:\3.46\pic18-lt\cxx-framework\src\traditional\proc\p18f14k50.asm
                 DDRBbits   0x000f93       data     extern E:\3.46\pic18-lt\cxx-framework\src\traditional\proc\p18f14k50.asm
                     DDRC   0x000f94       data     extern E:\3.46\pic18-lt\cxx-framework\src\traditional\proc\p18f14k50.asm
                 DDRCbits   0x000f94       data     extern E:\3.46\pic18-lt\cxx-framework\src\traditional\proc\p18f14k50.asm
                  ECCP1AS   0x000fb6       data     extern E:\3.46\pic18-lt\cxx-framework\src\traditional\proc\p18f14k50.asm
              ECCP1ASbits   0x000fb6       data     extern E:\3.46\pic18-lt\cxx-framework\src\traditional\proc\p18f14k50.asm
                    EEADR   0x000fa9       data     extern E:\3.46\pic18-lt\cxx-framework\src\traditional\proc\p18f14k50.asm
                EEADRbits   0x000fa9       data     extern E:\3.46\pic18-lt\cxx-framework\src\traditional\proc\p18f14k50.asm
                   EECON1   0x000fa6       data     extern E:\3.46\pic18-lt\cxx-framework\src\traditional\proc\p18f14k50.asm
               EECON1bits   0x000fa6       data     extern E:\3.46\pic18-lt\cxx-framework\src\traditional\proc\p18f14k50.asm
                   EECON2   0x000fa7       data     extern E:\3.46\pic18-lt\cxx-framework\src\traditional\proc\p18f14k50.asm
                   EEDATA   0x000fa8       data     extern E:\3.46\pic18-lt\cxx-framework\src\traditional\proc\p18f14k50.asm
                     FSR0   0x000fe9       data     extern E:\3.46\pic18-lt\cxx-framework\src\traditional\proc\p18f14k50.asm
                    FSR0H   0x000fea       data     extern E:\3.46\pic18-lt\cxx-framework\src\traditional\proc\p18f14k50.asm
                    FSR0L   0x000fe9       data     extern E:\3.46\pic18-lt\cxx-framework\src\traditional\proc\p18f14k50.asm
                     FSR1   0x000fe1       data     extern E:\3.46\pic18-lt\cxx-framework\src\traditional\proc\p18f14k50.asm
                    FSR1H   0x000fe2       data     extern E:\3.46\pic18-lt\cxx-framework\src\traditional\proc\p18f14k50.asm
                    FSR1L   0x000fe1       data     extern E:\3.46\pic18-lt\cxx-framework\src\traditional\proc\p18f14k50.asm
                     FSR2   0x000fd9       data     extern E:\3.46\pic18-lt\cxx-framework\src\traditional\proc\p18f14k50.asm
                    FSR2H   0x000fda       data     extern E:\3.46\pic18-lt\cxx-framework\src\traditional\proc\p18f14k50.asm
                    FSR2L   0x000fd9       data     extern E:\3.46\pic18-lt\cxx-framework\src\traditional\proc\p18f14k50.asm
                    INDF0   0x000fef       data     extern E:\3.46\pic18-lt\cxx-framework\src\traditional\proc\p18f14k50.asm
                    INDF1   0x000fe7       data     extern E:\3.46\pic18-lt\cxx-framework\src\traditional\proc\p18f14k50.asm
                    INDF2   0x000fdf       data     extern E:\3.46\pic18-lt\cxx-framework\src\traditional\proc\p18f14k50.asm
                   INTCON   0x000ff2       data     extern E:\3.46\pic18-lt\cxx-framework\src\traditional\proc\p18f14k50.asm
                  INTCON2   0x000ff1       data     extern E:\3.46\pic18-lt\cxx-framework\src\traditional\proc\p18f14k50.asm
              INTCON2bits   0x000ff1       data     extern E:\3.46\pic18-lt\cxx-framework\src\traditional\proc\p18f14k50.asm
                  INTCON3   0x000ff0       data     extern E:\3.46\pic18-lt\cxx-framework\src\traditional\proc\p18f14k50.asm
              INTCON3bits   0x000ff0       data     extern E:\3.46\pic18-lt\cxx-framework\src\traditional\proc\p18f14k50.asm
               INTCONbits   0x000ff2       data     extern E:\3.46\pic18-lt\cxx-framework\src\traditional\proc\p18f14k50.asm
                     IOCA   0x000f79       data     extern E:\3.46\pic18-lt\cxx-framework\src\traditional\proc\p18f14k50.asm
                 IOCAbits   0x000f79       data     extern E:\3.46\pic18-lt\cxx-framework\src\traditional\proc\p18f14k50.asm
                     IOCB   0x000f7a       data     extern E:\3.46\pic18-lt\cxx-framework\src\traditional\proc\p18f14k50.asm
                 IOCBbits   0x000f7a       data     extern E:\3.46\pic18-lt\cxx-framework\src\traditional\proc\p18f14k50.asm
                     IPR1   0x000f9f       data     extern E:\3.46\pic18-lt\cxx-framework\src\traditional\proc\p18f14k50.asm
                 IPR1bits   0x000f9f       data     extern E:\3.46\pic18-lt\cxx-framework\src\traditional\proc\p18f14k50.asm
                     IPR2   0x000fa2       data     extern E:\3.46\pic18-lt\cxx-framework\src\traditional\proc\p18f14k50.asm
                 IPR2bits   0x000fa2       data     extern E:\3.46\pic18-lt\cxx-framework\src\traditional\proc\p18f14k50.asm
                     LATA   0x000f89       data     extern E:\3.46\pic18-lt\cxx-framework\src\traditional\proc\p18f14k50.asm
                 LATAbits   0x000f89       data     extern E:\3.46\pic18-lt\cxx-framework\src\traditional\proc\p18f14k50.asm
                     LATB   0x000f8a       data     extern E:\3.46\pic18-lt\cxx-framework\src\traditional\proc\p18f14k50.asm
                 LATBbits   0x000f8a       data     extern E:\3.46\pic18-lt\cxx-framework\src\traditional\proc\p18f14k50.asm
                     LATC   0x000f8b       data     extern E:\3.46\pic18-lt\cxx-framework\src\traditional\proc\p18f14k50.asm
                 LATCbits   0x000f8b       data     extern E:\3.46\pic18-lt\cxx-framework\src\traditional\proc\p18f14k50.asm
                   OSCCON   0x000fd3       data     extern E:\3.46\pic18-lt\cxx-framework\src\traditional\proc\p18f14k50.asm
                  OSCCON2   0x000fd2       data     extern E:\3.46\pic18-lt\cxx-framework\src\traditional\proc\p18f14k50.asm
              OSCCON2bits   0x000fd2       data     extern E:\3.46\pic18-lt\cxx-framework\src\traditional\proc\p18f14k50.asm
               OSCCONbits   0x000fd3       data     extern E:\3.46\pic18-lt\cxx-framework\src\traditional\proc\p18f14k50.asm
                  OSCTUNE   0x000f9b       data     extern E:\3.46\pic18-lt\cxx-framework\src\traditional\proc\p18f14k50.asm
              OSCTUNEbits   0x000f9b       data     extern E:\3.46\pic18-lt\cxx-framework\src\traditional\proc\p18f14k50.asm
                       PC   0x000ff9       data     extern E:\3.46\pic18-lt\cxx-framework\src\traditional\proc\p18f14k50.asm
                      PCL   0x000ff9       data     extern E:\3.46\pic18-lt\cxx-framework\src\traditional\proc\p18f14k50.asm
                   PCLATH   0x000ffa       data     extern E:\3.46\pic18-lt\cxx-framework\src\traditional\proc\p18f14k50.asm
                   PCLATU   0x000ffb       data     extern E:\3.46\pic18-lt\cxx-framework\src\traditional\proc\p18f14k50.asm
                     PIE1   0x000f9d       data     extern E:\3.46\pic18-lt\cxx-framework\src\traditional\proc\p18f14k50.asm
                 PIE1bits   0x000f9d       data     extern E:\3.46\pic18-lt\cxx-framework\src\traditional\proc\p18f14k50.asm
                     PIE2   0x000fa0       data     extern E:\3.46\pic18-lt\cxx-framework\src\traditional\proc\p18f14k50.asm
                 PIE2bits   0x000fa0       data     extern E:\3.46\pic18-lt\cxx-framework\src\traditional\proc\p18f14k50.asm
                     PIR1   0x000f9e       data     extern E:\3.46\pic18-lt\cxx-framework\src\traditional\proc\p18f14k50.asm
                 PIR1bits   0x000f9e       data     extern E:\3.46\pic18-lt\cxx-framework\src\traditional\proc\p18f14k50.asm
                     PIR2   0x000fa1       data     extern E:\3.46\pic18-lt\cxx-framework\src\traditional\proc\p18f14k50.asm
                 PIR2bits   0x000fa1       data     extern E:\3.46\pic18-lt\cxx-framework\src\traditional\proc\p18f14k50.asm
                   PLUSW0   0x000feb       data     extern E:\3.46\pic18-lt\cxx-framework\src\traditional\proc\p18f14k50.asm
                   PLUSW1   0x000fe3       data     extern E:\3.46\pic18-lt\cxx-framework\src\traditional\proc\p18f14k50.asm
                   PLUSW2   0x000fdb       data     extern E:\3.46\pic18-lt\cxx-framework\src\traditional\proc\p18f14k50.asm
                    PORTA   0x000f80       data     extern E:\3.46\pic18-lt\cxx-framework\src\traditional\proc\p18f14k50.asm
                PORTAbits   0x000f80       data     extern E:\3.46\pic18-lt\cxx-framework\src\traditional\proc\p18f14k50.asm
                    PORTB   0x000f81       data     extern E:\3.46\pic18-lt\cxx-framework\src\traditional\proc\p18f14k50.asm
                PORTBbits   0x000f81       data     extern E:\3.46\pic18-lt\cxx-framework\src\traditional\proc\p18f14k50.asm
                    PORTC   0x000f82       data     extern E:\3.46\pic18-lt\cxx-framework\src\traditional\proc\p18f14k50.asm
                PORTCbits   0x000f82       data     extern E:\3.46\pic18-lt\cxx-framework\src\traditional\proc\p18f14k50.asm
                 POSTDEC0   0x000fed       data     extern E:\3.46\pic18-lt\cxx-framework\src\traditional\proc\p18f14k50.asm
                 POSTDEC1   0x000fe5       data     extern E:\3.46\pic18-lt\cxx-framework\src\traditional\proc\p18f14k50.asm
                 POSTDEC2   0x000fdd       data     extern E:\3.46\pic18-lt\cxx-framework\src\traditional\proc\p18f14k50.asm
                 POSTINC0   0x000fee       data     extern E:\3.46\pic18-lt\cxx-framework\src\traditional\proc\p18f14k50.asm
                 POSTINC1   0x000fe6       data     extern E:\3.46\pic18-lt\cxx-framework\src\traditional\proc\p18f14k50.asm
                 POSTINC2   0x000fde       data     extern E:\3.46\pic18-lt\cxx-framework\src\traditional\proc\p18f14k50.asm
                      PR2   0x000fcb       data     extern E:\3.46\pic18-lt\cxx-framework\src\traditional\proc\p18f14k50.asm
                  PREINC0   0x000fec       data     extern E:\3.46\pic18-lt\cxx-framework\src\traditional\proc\p18f14k50.asm
                  PREINC1   0x000fe4       data     extern E:\3.46\pic18-lt\cxx-framework\src\traditional\proc\p18f14k50.asm
                  PREINC2   0x000fdc       data     extern E:\3.46\pic18-lt\cxx-framework\src\traditional\proc\p18f14k50.asm
                     PROD   0x000ff3       data     extern E:\3.46\pic18-lt\cxx-framework\src\traditional\proc\p18f14k50.asm
                    PRODH   0x000ff4       data     extern E:\3.46\pic18-lt\cxx-framework\src\traditional\proc\p18f14k50.asm
                    PRODL   0x000ff3       data     extern E:\3.46\pic18-lt\cxx-framework\src\traditional\proc\p18f14k50.asm
                  PSTRCON   0x000fb9       data     extern E:\3.46\pic18-lt\cxx-framework\src\traditional\proc\p18f14k50.asm
              PSTRCONbits   0x000fb9       data     extern E:\3.46\pic18-lt\cxx-framework\src\traditional\proc\p18f14k50.asm
                  PWM1CON   0x000fb7       data     extern E:\3.46\pic18-lt\cxx-framework\src\traditional\proc\p18f14k50.asm
              PWM1CONbits   0x000fb7       data     extern E:\3.46\pic18-lt\cxx-framework\src\traditional\proc\p18f14k50.asm
                     RCON   0x000fd0       data     extern E:\3.46\pic18-lt\cxx-framework\src\traditional\proc\p18f14k50.asm
                 RCONbits   0x000fd0       data     extern E:\3.46\pic18-lt\cxx-framework\src\traditional\proc\p18f14k50.asm
                    RCREG   0x000fae       data     extern E:\3.46\pic18-lt\cxx-framework\src\traditional\proc\p18f14k50.asm
                    RCSTA   0x000fab       data     extern E:\3.46\pic18-lt\cxx-framework\src\traditional\proc\p18f14k50.asm
                RCSTAbits   0x000fab       data     extern E:\3.46\pic18-lt\cxx-framework\src\traditional\proc\p18f14k50.asm
                  REFCON0   0x000fba       data     extern E:\3.46\pic18-lt\cxx-framework\src\traditional\proc\p18f14k50.asm
              REFCON0bits   0x000fba       data     extern E:\3.46\pic18-lt\cxx-framework\src\traditional\proc\p18f14k50.asm
                  REFCON1   0x000fbb       data     extern E:\3.46\pic18-lt\cxx-framework\src\traditional\proc\p18f14k50.asm
              REFCON1bits   0x000fbb       data     extern E:\3.46\pic18-lt\cxx-framework\src\traditional\proc\p18f14k50.asm
                  REFCON2   0x000fbc       data     extern E:\3.46\pic18-lt\cxx-framework\src\traditional\proc\p18f14k50.asm
              REFCON2bits   0x000fbc       data     extern E:\3.46\pic18-lt\cxx-framework\src\traditional\proc\p18f14k50.asm
       ReceivedDataBuffer   0x000279       data     extern Z:\new_matrix\REVIVE_USB_MATRIX_Debounce\REVIVE_USB_MATRIX_Debounce_FW\main.c
             RemoteWakeup   0x0001d9       data     extern Z:\new_matrix\REVIVE_USB_MATRIX_Debounce\REVIVE_USB_MATRIX_Debounce_FW\Microchip\USB\usb_device.c
                     SIGN   0x000000       data     extern E:\3.46\pic18-lt\cxx-framework\src\traditional\math\cmath18.asm
                   SLRCON   0x000f76       data     extern E:\3.46\pic18-lt\cxx-framework\src\traditional\proc\p18f14k50.asm
               SLRCONbits   0x000f76       data     extern E:\3.46\pic18-lt\cxx-framework\src\traditional\proc\p18f14k50.asm
                    SPBRG   0x000faf       data     extern E:\3.46\pic18-lt\cxx-framework\src\traditional\proc\p18f14k50.asm
                   SPBRGH   0x000fb0       data     extern E:\3.46\pic18-lt\cxx-framework\src\traditional\proc\p18f14k50.asm
                   SRCON0   0x000f68       data     extern E:\3.46\pic18-lt\cxx-framework\src\traditional\proc\p18f14k50.asm
               SRCON0bits   0x000f68       data     extern E:\3.46\pic18-lt\cxx-framework\src\traditional\proc\p18f14k50.asm
                   SRCON1   0x000f69       data     extern E:\3.46\pic18-lt\cxx-framework\src\traditional\proc\p18f14k50.asm
               SRCON1bits   0x000f69       data     extern E:\3.46\pic18-lt\cxx-framework\src\traditional\proc\p18f14k50.asm
                   SSPADD   0x000fc8       data     extern E:\3.46\pic18-lt\cxx-framework\src\traditional\proc\p18f14k50.asm
                   SSPBUF   0x000fc9       data     extern E:\3.46\pic18-lt\cxx-framework\src\traditional\proc\p18f14k50.asm
                  SSPCON1   0x000fc6       data     extern E:\3.46\pic18-lt\cxx-framework\src\traditional\proc\p18f14k50.asm
              SSPCON1bits   0x000fc6       data     extern E:\3.46\pic18-lt\cxx-framework\src\traditional\proc\p18f14k50.asm
                  SSPCON2   0x000fc5       data     extern E:\3.46\pic18-lt\cxx-framework\src\traditional\proc\p18f14k50.asm
              SSPCON2bits   0x000fc5       data     extern E:\3.46\pic18-lt\cxx-framework\src\traditional\proc\p18f14k50.asm
                   SSPMSK   0x000f6f       data     extern E:\3.46\pic18-lt\cxx-framework\src\traditional\proc\p18f14k50.asm
               SSPMSKbits   0x000f6f       data     extern E:\3.46\pic18-lt\cxx-framework\src\traditional\proc\p18f14k50.asm
                  SSPSTAT   0x000fc7       data     extern E:\3.46\pic18-lt\cxx-framework\src\traditional\proc\p18f14k50.asm
              SSPSTATbits   0x000fc7       data     extern E:\3.46\pic18-lt\cxx-framework\src\traditional\proc\p18f14k50.asm
                   STATUS   0x000fd8       data     extern E:\3.46\pic18-lt\cxx-framework\src\traditional\proc\p18f14k50.asm
               STATUSbits   0x000fd8       data     extern E:\3.46\pic18-lt\cxx-framework\src\traditional\proc\p18f14k50.asm
                   STKPTR   0x000ffc       data     extern E:\3.46\pic18-lt\cxx-framework\src\traditional\proc\p18f14k50.asm
               STKPTRbits   0x000ffc       data     extern E:\3.46\pic18-lt\cxx-framework\src\traditional\proc\p18f14k50.asm
                 SetupPkt   0x000250       data     extern Z:\new_matrix\REVIVE_USB_MATRIX_Debounce\REVIVE_USB_MATRIX_Debounce_FW\Microchip\USB\usb_device.c
                    T0CON   0x000fd5       data     extern E:\3.46\pic18-lt\cxx-framework\src\traditional\proc\p18f14k50.asm
                T0CONbits   0x000fd5       data     extern E:\3.46\pic18-lt\cxx-framework\src\traditional\proc\p18f14k50.asm
                    T1CON   0x000fcd       data     extern E:\3.46\pic18-lt\cxx-framework\src\traditional\proc\p18f14k50.asm
                T1CONbits   0x000fcd       data     extern E:\3.46\pic18-lt\cxx-framework\src\traditional\proc\p18f14k50.asm
                    T2CON   0x000fca       data     extern E:\3.46\pic18-lt\cxx-framework\src\traditional\proc\p18f14k50.asm
                T2CONbits   0x000fca       data     extern E:\3.46\pic18-lt\cxx-framework\src\traditional\proc\p18f14k50.asm
                    T3CON   0x000fb1       data     extern E:\3.46\pic18-lt\cxx-framework\src\traditional\proc\p18f14k50.asm
                T3CONbits   0x000fb1       data     extern E:\3.46\pic18-lt\cxx-framework\src\traditional\proc\p18f14k50.asm
                   TABLAT   0x000ff5       data     extern E:\3.46\pic18-lt\cxx-framework\src\traditional\proc\p18f14k50.asm
                   TBLPTR   0x000ff6       data     extern E:\3.46\pic18-lt\cxx-framework\src\traditional\proc\p18f14k50.asm
                  TBLPTRH   0x000ff7       data     extern E:\3.46\pic18-lt\cxx-framework\src\traditional\proc\p18f14k50.asm
                  TBLPTRL   0x000ff6       data     extern E:\3.46\pic18-lt\cxx-framework\src\traditional\proc\p18f14k50.asm
                  TBLPTRU   0x000ff8       data     extern E:\3.46\pic18-lt\cxx-framework\src\traditional\proc\p18f14k50.asm
                    TMR0H   0x000fd7       data     extern E:\3.46\pic18-lt\cxx-framework\src\traditional\proc\p18f14k50.asm
                    TMR0L   0x000fd6       data     extern E:\3.46\pic18-lt\cxx-framework\src\traditional\proc\p18f14k50.asm
                    TMR1H   0x000fcf       data     extern E:\3.46\pic18-lt\cxx-framework\src\traditional\proc\p18f14k50.asm
                    TMR1L   0x000fce       data     extern E:\3.46\pic18-lt\cxx-framework\src\traditional\proc\p18f14k50.asm
                     TMR2   0x000fcc       data     extern E:\3.46\pic18-lt\cxx-framework\src\traditional\proc\p18f14k50.asm
                    TMR3H   0x000fb3       data     extern E:\3.46\pic18-lt\cxx-framework\src\traditional\proc\p18f14k50.asm
                    TMR3L   0x000fb2       data     extern E:\3.46\pic18-lt\cxx-framework\src\traditional\proc\p18f14k50.asm
                      TOS   0x000ffd       data     extern E:\3.46\pic18-lt\cxx-framework\src\traditional\proc\p18f14k50.asm
                     TOSH   0x000ffe       data     extern E:\3.46\pic18-lt\cxx-framework\src\traditional\proc\p18f14k50.asm
                     TOSL   0x000ffd       data     extern E:\3.46\pic18-lt\cxx-framework\src\traditional\proc\p18f14k50.asm
                     TOSU   0x000fff       data     extern E:\3.46\pic18-lt\cxx-framework\src\traditional\proc\p18f14k50.asm
                    TRISA   0x000f92       data     extern E:\3.46\pic18-lt\cxx-framework\src\traditional\proc\p18f14k50.asm
                TRISAbits   0x000f92       data     extern E:\3.46\pic18-lt\cxx-framework\src\traditional\proc\p18f14k50.asm
                    TRISB   0x000f93       data     extern E:\3.46\pic18-lt\cxx-framework\src\traditional\proc\p18f14k50.asm
                TRISBbits   0x000f93       data     extern E:\3.46\pic18-lt\cxx-framework\src\traditional\proc\p18f14k50.asm
                    TRISC   0x000f94       data     extern E:\3.46\pic18-lt\cxx-framework\src\traditional\proc\p18f14k50.asm
                TRISCbits   0x000f94       data     extern E:\3.46\pic18-lt\cxx-framework\src\traditional\proc\p18f14k50.asm
                    TXREG   0x000fad       data     extern E:\3.46\pic18-lt\cxx-framework\src\traditional\proc\p18f14k50.asm
                    TXSTA   0x000fac       data     extern E:\3.46\pic18-lt\cxx-framework\src\traditional\proc\p18f14k50.asm
                TXSTAbits   0x000fac       data     extern E:\3.46\pic18-lt\cxx-framework\src\traditional\proc\p18f14k50.asm
         ToSendDataBuffer   0x0002b9       data     extern Z:\new_matrix\REVIVE_USB_MATRIX_Debounce\REVIVE_USB_MATRIX_Debounce_FW\main.c
                    UADDR   0x000f5c       data     extern E:\3.46\pic18-lt\cxx-framework\src\traditional\proc\p18f14k50.asm
                UADDRbits   0x000f5c       data     extern E:\3.46\pic18-lt\cxx-framework\src\traditional\proc\p18f14k50.asm
                     UCFG   0x000f61       data     extern E:\3.46\pic18-lt\cxx-framework\src\traditional\proc\p18f14k50.asm
                 UCFGbits   0x000f61       data     extern E:\3.46\pic18-lt\cxx-framework\src\traditional\proc\p18f14k50.asm
                     UCON   0x000f64       data     extern E:\3.46\pic18-lt\cxx-framework\src\traditional\proc\p18f14k50.asm
                 UCONbits   0x000f64       data     extern E:\3.46\pic18-lt\cxx-framework\src\traditional\proc\p18f14k50.asm
                     UEIE   0x000f5b       data     extern E:\3.46\pic18-lt\cxx-framework\src\traditional\proc\p18f14k50.asm
                 UEIEbits   0x000f5b       data     extern E:\3.46\pic18-lt\cxx-framework\src\traditional\proc\p18f14k50.asm
                     UEIR   0x000f5f       data     extern E:\3.46\pic18-lt\cxx-framework\src\traditional\proc\p18f14k50.asm
                 UEIRbits   0x000f5f       data     extern E:\3.46\pic18-lt\cxx-framework\src\traditional\proc\p18f14k50.asm
                     UEP0   0x000f53       data     extern E:\3.46\pic18-lt\cxx-framework\src\traditional\proc\p18f14k50.asm
                 UEP0bits   0x000f53       data     extern E:\3.46\pic18-lt\cxx-framework\src\traditional\proc\p18f14k50.asm
                     UEP1   0x000f54       data     extern E:\3.46\pic18-lt\cxx-framework\src\traditional\proc\p18f14k50.asm
                 UEP1bits   0x000f54       data     extern E:\3.46\pic18-lt\cxx-framework\src\traditional\proc\p18f14k50.asm
                     UEP2   0x000f55       data     extern E:\3.46\pic18-lt\cxx-framework\src\traditional\proc\p18f14k50.asm
                 UEP2bits   0x000f55       data     extern E:\3.46\pic18-lt\cxx-framework\src\traditional\proc\p18f14k50.asm
                     UEP3   0x000f56       data     extern E:\3.46\pic18-lt\cxx-framework\src\traditional\proc\p18f14k50.asm
                 UEP3bits   0x000f56       data     extern E:\3.46\pic18-lt\cxx-framework\src\traditional\proc\p18f14k50.asm
                     UEP4   0x000f57       data     extern E:\3.46\pic18-lt\cxx-framework\src\traditional\proc\p18f14k50.asm
                 UEP4bits   0x000f57       data     extern E:\3.46\pic18-lt\cxx-framework\src\traditional\proc\p18f14k50.asm
                     UEP5   0x000f58       data     extern E:\3.46\pic18-lt\cxx-framework\src\traditional\proc\p18f14k50.asm
                 UEP5bits   0x000f58       data     extern E:\3.46\pic18-lt\cxx-framework\src\traditional\proc\p18f14k50.asm
                     UEP6   0x000f59       data     extern E:\3.46\pic18-lt\cxx-framework\src\traditional\proc\p18f14k50.asm
                 UEP6bits   0x000f59       data     extern E:\3.46\pic18-lt\cxx-framework\src\traditional\proc\p18f14k50.asm
                     UEP7   0x000f5a       data     extern E:\3.46\pic18-lt\cxx-framework\src\traditional\proc\p18f14k50.asm
                 UEP7bits   0x000f5a       data     extern E:\3.46\pic18-lt\cxx-framework\src\traditional\proc\p18f14k50.asm
                    UFRMH   0x000f5e       data     extern E:\3.46\pic18-lt\cxx-framework\src\traditional\proc\p18f14k50.asm
                UFRMHbits   0x000f5e       data     extern E:\3.46\pic18-lt\cxx-framework\src\traditional\proc\p18f14k50.asm
                    UFRML   0x000f5d       data     extern E:\3.46\pic18-lt\cxx-framework\src\traditional\proc\p18f14k50.asm
                UFRMLbits   0x000f5d       data     extern E:\3.46\pic18-lt\cxx-framework\src\traditional\proc\p18f14k50.asm
                      UIE   0x000f60       data     extern E:\3.46\pic18-lt\cxx-framework\src\traditional\proc\p18f14k50.asm
                  UIEbits   0x000f60       data     extern E:\3.46\pic18-lt\cxx-framework\src\traditional\proc\p18f14k50.asm
                      UIR   0x000f62       data     extern E:\3.46\pic18-lt\cxx-framework\src\traditional\proc\p18f14k50.asm
                  UIRbits   0x000f62       data     extern E:\3.46\pic18-lt\cxx-framework\src\traditional\proc\p18f14k50.asm
   USBActiveConfiguration   0x0001af       data     extern Z:\new_matrix\REVIVE_USB_MATRIX_Debounce\REVIVE_USB_MATRIX_Debounce_FW\Microchip\USB\usb_device.c
    USBAlternateInterface   0x0001b0       data     extern Z:\new_matrix\REVIVE_USB_MATRIX_Debounce\REVIVE_USB_MATRIX_Debounce_FW\Microchip\USB\usb_device.c
        USBBusIsSuspended   0x0001da       data     extern Z:\new_matrix\REVIVE_USB_MATRIX_Debounce\REVIVE_USB_MATRIX_Debounce_FW\Microchip\USB\usb_device.c
USBDeferINDataStagePackets   0x0001ec       data     extern Z:\new_matrix\REVIVE_USB_MATRIX_Debounce\REVIVE_USB_MATRIX_Debounce_FW\Microchip\USB\usb_device.c
USBDeferOUTDataStagePackets   0x0001ed       data     extern Z:\new_matrix\REVIVE_USB_MATRIX_Debounce\REVIVE_USB_MATRIX_Debounce_FW\Microchip\USB\usb_device.c
USBDeferStatusStagePacket   0x0001e9       data     extern Z:\new_matrix\REVIVE_USB_MATRIX_Debounce\REVIVE_USB_MATRIX_Debounce_FW\Microchip\USB\usb_device.c
           USBDeviceState   0x0001ae       data     extern Z:\new_matrix\REVIVE_USB_MATRIX_Debounce\REVIVE_USB_MATRIX_Debounce_FW\Microchip\USB\usb_device.c
              USBInHandle   0x000068       data     extern Z:\new_matrix\REVIVE_USB_MATRIX_Debounce\REVIVE_USB_MATRIX_Debounce_FW\main.c
             USBOutHandle   0x000066       data     extern Z:\new_matrix\REVIVE_USB_MATRIX_Debounce\REVIVE_USB_MATRIX_Debounce_FW\main.c
USBStatusStageEnabledFlag1   0x0001ea       data     extern Z:\new_matrix\REVIVE_USB_MATRIX_Debounce\REVIVE_USB_MATRIX_Debounce_FW\Microchip\USB\usb_device.c
USBStatusStageEnabledFlag2   0x0001eb       data     extern Z:\new_matrix\REVIVE_USB_MATRIX_Debounce\REVIVE_USB_MATRIX_Debounce_FW\Microchip\USB\usb_device.c
USBStatusStageTimeoutCounter   0x0001e8       data     extern Z:\new_matrix\REVIVE_USB_MATRIX_Debounce\REVIVE_USB_MATRIX_Debounce_FW\Microchip\USB\usb_device.c
                    USTAT   0x000f63       data     extern E:\3.46\pic18-lt\cxx-framework\src\traditional\proc\p18f14k50.asm
                USTATbits   0x000f63       data     extern E:\3.46\pic18-lt\cxx-framework\src\traditional\proc\p18f14k50.asm
                USTATcopy   0x0001db       data     extern Z:\new_matrix\REVIVE_USB_MATRIX_Debounce\REVIVE_USB_MATRIX_Debounce_FW\Microchip\USB\usb_device.c
                 VREFCON0   0x000fba       data     extern E:\3.46\pic18-lt\cxx-framework\src\traditional\proc\p18f14k50.asm
             VREFCON0bits   0x000fba       data     extern E:\3.46\pic18-lt\cxx-framework\src\traditional\proc\p18f14k50.asm
                 VREFCON1   0x000fbb       data     extern E:\3.46\pic18-lt\cxx-framework\src\traditional\proc\p18f14k50.asm
             VREFCON1bits   0x000fbb       data     extern E:\3.46\pic18-lt\cxx-framework\src\traditional\proc\p18f14k50.asm
                 VREFCON2   0x000fbc       data     extern E:\3.46\pic18-lt\cxx-framework\src\traditional\proc\p18f14k50.asm
             VREFCON2bits   0x000fbc       data     extern E:\3.46\pic18-lt\cxx-framework\src\traditional\proc\p18f14k50.asm
                        W   0x000fe8       data     extern E:\3.46\pic18-lt\cxx-framework\src\traditional\proc\p18f14k50.asm
                   WDTCON   0x000fd1       data     extern E:\3.46\pic18-lt\cxx-framework\src\traditional\proc\p18f14k50.asm
               WDTCONbits   0x000fd1       data     extern E:\3.46\pic18-lt\cxx-framework\src\traditional\proc\p18f14k50.asm
                     WPUA   0x000f77       data     extern E:\3.46\pic18-lt\cxx-framework\src\traditional\proc\p18f14k50.asm
                 WPUAbits   0x000f77       data     extern E:\3.46\pic18-lt\cxx-framework\src\traditional\proc\p18f14k50.asm
                     WPUB   0x000f78       data     extern E:\3.46\pic18-lt\cxx-framework\src\traditional\proc\p18f14k50.asm
                 WPUBbits   0x000f78       data     extern E:\3.46\pic18-lt\cxx-framework\src\traditional\proc\p18f14k50.asm
                     WREG   0x000fe8       data     extern E:\3.46\pic18-lt\cxx-framework\src\traditional\proc\p18f14k50.asm
                 __AARGB0   0x000009       data     extern E:\3.46\pic18-lt\cxx-framework\src\traditional\math\aarg.asm
                 __AARGB1   0x000008       data     extern E:\3.46\pic18-lt\cxx-framework\src\traditional\math\aarg.asm
                 __AARGB2   0x000007       data     extern E:\3.46\pic18-lt\cxx-framework\src\traditional\math\aarg.asm
                 __AARGB3   0x000006       data     extern E:\3.46\pic18-lt\cxx-framework\src\traditional\math\aarg.asm
                 __AARGB4   0x000005       data     extern E:\3.46\pic18-lt\cxx-framework\src\traditional\math\aarg.asm
                 __AARGB5   0x000004       data     extern E:\3.46\pic18-lt\cxx-framework\src\traditional\math\aarg.asm
                 __AARGB6   0x000003       data     extern E:\3.46\pic18-lt\cxx-framework\src\traditional\math\aarg.asm
                 __AARGB7   0x000002       data     extern E:\3.46\pic18-lt\cxx-framework\src\traditional\math\aarg.asm
                   __AEXP   0x00000a       data     extern E:\3.46\pic18-lt\cxx-framework\src\traditional\math\aarg.asm
                 __BARGB0   0x00000e       data     extern E:\3.46\pic18-lt\cxx-framework\src\traditional\math\barg.asm
                 __BARGB1   0x00000d       data     extern E:\3.46\pic18-lt\cxx-framework\src\traditional\math\barg.asm
                 __BARGB2   0x00000c       data     extern E:\3.46\pic18-lt\cxx-framework\src\traditional\math\barg.asm
                 __BARGB3   0x00000b       data     extern E:\3.46\pic18-lt\cxx-framework\src\traditional\math\barg.asm
                   __BEXP   0x00000f       data     extern E:\3.46\pic18-lt\cxx-framework\src\traditional\math\barg.asm
                __FPFLAGS   0x000001       data     extern E:\3.46\pic18-lt\cxx-framework\src\traditional\math\cmath18.asm
            __FPFLAGSbits   0x000001       data     extern E:\3.46\pic18-lt\cxx-framework\src\traditional\math\cmath18.asm
                  __REMB0   0x000005       data     extern E:\3.46\pic18-lt\cxx-framework\src\traditional\math\aarg.asm
                  __REMB1   0x000004       data     extern E:\3.46\pic18-lt\cxx-framework\src\traditional\math\aarg.asm
                  __REMB2   0x000003       data     extern E:\3.46\pic18-lt\cxx-framework\src\traditional\math\aarg.asm
                  __REMB3   0x000002       data     extern E:\3.46\pic18-lt\cxx-framework\src\traditional\math\aarg.asm
                   __TEMP   0x000013       data     extern E:\3.46\pic18-lt\cxx-framework\src\traditional\math\temparg.asm
                 __TEMPB0   0x000013       data     extern E:\3.46\pic18-lt\cxx-framework\src\traditional\math\temparg.asm
                 __TEMPB1   0x000012       data     extern E:\3.46\pic18-lt\cxx-framework\src\traditional\math\temparg.asm
                 __TEMPB2   0x000011       data     extern E:\3.46\pic18-lt\cxx-framework\src\traditional\math\temparg.asm
[...]
                     DDRA   0x000f92       data     extern E:\3.46\pic18-lt\cxx-framework\src\traditional\proc\p18f14k50.asm
                 DDRAbits   0x000f92       data     extern E:\3.46\pic18-lt\cxx-framework\src\traditional\proc\p18f14k50.asm
                 DDRBbits   0x000f93       data     extern E:\3.46\pic18-lt\cxx-framework\src\traditional\proc\p18f14k50.asm
                    TRISB   0x000f93       data     extern E:\3.46\pic18-lt\cxx-framework\src\traditional\proc\p18f14k50.asm
                TRISBbits   0x000f93       data     extern E:\3.46\pic18-lt\cxx-framework\src\traditional\proc\p18f14k50.asm
                     DDRB   0x000f93       data     extern E:\3.46\pic18-lt\cxx-framework\src\traditional\proc\p18f14k50.asm
                 DDRCbits   0x000f94       data     extern E:\3.46\pic18-lt\cxx-framework\src\traditional\proc\p18f14k50.asm
                    TRISC   0x000f94       data     extern E:\3.46\pic18-lt\cxx-framework\src\traditional\proc\p18f14k50.asm
                TRISCbits   0x000f94       data     extern E:\3.46\pic18-lt\cxx-framework\src\traditional\proc\p18f14k50.asm
                     DDRC   0x000f94       data     extern E:\3.46\pic18-lt\cxx-framework\src\traditional\proc\p18f14k50.asm
                  OSCTUNE   0x000f9b       data     extern E:\3.46\pic18-lt\cxx-framework\src\traditional\proc\p18f14k50.asm
              OSCTUNEbits   0x000f9b       data     extern E:\3.46\pic18-lt\cxx-framework\src\traditional\proc\p18f14k50.asm
                 PIE1bits   0x000f9d       data     extern E:\3.46\pic18-lt\cxx-framework\src\traditional\proc\p18f14k50.asm
                     PIE1   0x000f9d       data     extern E:\3.46\pic18-lt\cxx-framework\src\traditional\proc\p18f14k50.asm
                 PIR1bits   0x000f9e       data     extern E:\3.46\pic18-lt\cxx-framework\src\traditional\proc\p18f14k50.asm
                     PIR1   0x000f9e       data     extern E:\3.46\pic18-lt\cxx-framework\src\traditional\proc\p18f14k50.asm
                 IPR1bits   0x000f9f       data     extern E:\3.46\pic18-lt\cxx-framework\src\traditional\proc\p18f14k50.asm
                     IPR1   0x000f9f       data     extern E:\3.46\pic18-lt\cxx-framework\src\traditional\proc\p18f14k50.asm
                     PIE2   0x000fa0       data     extern E:\3.46\pic18-lt\cxx-framework\src\traditional\proc\p18f14k50.asm
                 PIE2bits   0x000fa0       data     extern E:\3.46\pic18-lt\cxx-framework\src\traditional\proc\p18f14k50.asm
                     PIR2   0x000fa1       data     extern E:\3.46\pic18-lt\cxx-framework\src\traditional\proc\p18f14k50.asm
                 PIR2bits   0x000fa1       data     extern E:\3.46\pic18-lt\cxx-framework\src\traditional\proc\p18f14k50.asm
                 IPR2bits   0x000fa2       data     extern E:\3.46\pic18-lt\cxx-framework\src\traditional\proc\p18f14k50.asm
                     IPR2   0x000fa2       data     extern E:\3.46\pic18-lt\cxx-framework\src\traditional\proc\p18f14k50.asm
                   EECON1   0x000fa6       data     extern E:\3.46\pic18-lt\cxx-framework\src\traditional\proc\p18f14k50.asm
               EECON1bits   0x000fa6       data     extern E:\3.46\pic18-lt\cxx-framework\src\traditional\proc\p18f14k50.asm
                   EECON2   0x000fa7       data     extern E:\3.46\pic18-lt\cxx-framework\src\traditional\proc\p18f14k50.asm
                   EEDATA   0x000fa8       data     extern E:\3.46\pic18-lt\cxx-framework\src\traditional\proc\p18f14k50.asm
                    EEADR   0x000fa9       data     extern E:\3.46\pic18-lt\cxx-framework\src\traditional\proc\p18f14k50.asm
                EEADRbits   0x000fa9       data     extern E:\3.46\pic18-lt\cxx-framework\src\traditional\proc\p18f14k50.asm
                    RCSTA   0x000fab       data     extern E:\3.46\pic18-lt\cxx-framework\src\traditional\proc\p18f14k50.asm
                RCSTAbits   0x000fab       data     extern E:\3.46\pic18-lt\cxx-framework\src\traditional\proc\p18f14k50.asm
                    TXSTA   0x000fac       data     extern E:\3.46\pic18-lt\cxx-framework\src\traditional\proc\p18f14k50.asm
                TXSTAbits   0x000fac       data     extern E:\3.46\pic18-lt\cxx-framework\src\traditional\proc\p18f14k50.asm
                    TXREG   0x000fad       data     extern E:\3.46\pic18-lt\cxx-framework\src\traditional\proc\p18f14k50.asm
                    RCREG   0x000fae       data     extern E:\3.46\pic18-lt\cxx-framework\src\traditional\proc\p18f14k50.asm
                    SPBRG   0x000faf       data     extern E:\3.46\pic18-lt\cxx-framework\src\traditional\proc\p18f14k50.asm
                   SPBRGH   0x000fb0       data     extern E:\3.46\pic18-lt\cxx-framework\src\traditional\proc\p18f14k50.asm
                    T3CON   0x000fb1       data     extern E:\3.46\pic18-lt\cxx-framework\src\traditional\proc\p18f14k50.asm
                T3CONbits   0x000fb1       data     extern E:\3.46\pic18-lt\cxx-framework\src\traditional\proc\p18f14k50.asm
                    TMR3L   0x000fb2       data     extern E:\3.46\pic18-lt\cxx-framework\src\traditional\proc\p18f14k50.asm
                    TMR3H   0x000fb3       data     extern E:\3.46\pic18-lt\cxx-framework\src\traditional\proc\p18f14k50.asm
              ECCP1ASbits   0x000fb6       data     extern E:\3.46\pic18-lt\cxx-framework\src\traditional\proc\p18f14k50.asm
                  ECCP1AS   0x000fb6       data     extern E:\3.46\pic18-lt\cxx-framework\src\traditional\proc\p18f14k50.asm
                  PWM1CON   0x000fb7       data     extern E:\3.46\pic18-lt\cxx-framework\src\traditional\proc\p18f14k50.asm
              PWM1CONbits   0x000fb7       data     extern E:\3.46\pic18-lt\cxx-framework\src\traditional\proc\p18f14k50.asm
                  BAUDCON   0x000fb8       data     extern E:\3.46\pic18-lt\cxx-framework\src\traditional\proc\p18f14k50.asm
              BAUDCTLbits   0x000fb8       data     extern E:\3.46\pic18-lt\cxx-framework\src\traditional\proc\p18f14k50.asm
                  BAUDCTL   0x000fb8       data     extern E:\3.46\pic18-lt\cxx-framework\src\traditional\proc\p18f14k50.asm
              BAUDCONbits   0x000fb8       data     extern E:\3.46\pic18-lt\cxx-framework\src\traditional\proc\p18f14k50.asm
                  PSTRCON   0x000fb9       data     extern E:\3.46\pic18-lt\cxx-framework\src\traditional\proc\p18f14k50.asm
              PSTRCONbits   0x000fb9       data     extern E:\3.46\pic18-lt\cxx-framework\src\traditional\proc\p18f14k50.asm
                  REFCON0   0x000fba       data     extern E:\3.46\pic18-lt\cxx-framework\src\traditional\proc\p18f14k50.asm
              REFCON0bits   0x000fba       data     extern E:\3.46\pic18-lt\cxx-framework\src\traditional\proc\p18f14k50.asm
             VREFCON0bits   0x000fba       data     extern E:\3.46\pic18-lt\cxx-framework\src\traditional\proc\p18f14k50.asm
                 VREFCON0   0x000fba       data     extern E:\3.46\pic18-lt\cxx-framework\src\traditional\proc\p18f14k50.asm
                  REFCON1   0x000fbb       data     extern E:\3.46\pic18-lt\cxx-framework\src\traditional\proc\p18f14k50.asm
              REFCON1bits   0x000fbb       data     extern E:\3.46\pic18-lt\cxx-framework\src\traditional\proc\p18f14k50.asm
                 VREFCON1   0x000fbb       data     extern E:\3.46\pic18-lt\cxx-framework\src\traditional\proc\p18f14k50.asm
             VREFCON1bits   0x000fbb       data     extern E:\3.46\pic18-lt\cxx-framework\src\traditional\proc\p18f14k50.asm
              REFCON2bits   0x000fbc       data     extern E:\3.46\pic18-lt\cxx-framework\src\traditional\proc\p18f14k50.asm
                  REFCON2   0x000fbc       data     extern E:\3.46\pic18-lt\cxx-framework\src\traditional\proc\p18f14k50.asm
             VREFCON2bits   0x000fbc       data     extern E:\3.46\pic18-lt\cxx-framework\src\traditional\proc\p18f14k50.asm
                 VREFCON2   0x000fbc       data     extern E:\3.46\pic18-lt\cxx-framework\src\traditional\proc\p18f14k50.asm
              CCP1CONbits   0x000fbd       data     extern E:\3.46\pic18-lt\cxx-framework\src\traditional\proc\p18f14k50.asm
                  CCP1CON   0x000fbd       data     extern E:\3.46\pic18-lt\cxx-framework\src\traditional\proc\p18f14k50.asm
                   CCPR1L   0x000fbe       data     extern E:\3.46\pic18-lt\cxx-framework\src\traditional\proc\p18f14k50.asm
                    CCPR1   0x000fbe       data     extern E:\3.46\pic18-lt\cxx-framework\src\traditional\proc\p18f14k50.asm
                   CCPR1H   0x000fbf       data     extern E:\3.46\pic18-lt\cxx-framework\src\traditional\proc\p18f14k50.asm
               ADCON2bits   0x000fc0       data     extern E:\3.46\pic18-lt\cxx-framework\src\traditional\proc\p18f14k50.asm
                   ADCON2   0x000fc0       data     extern E:\3.46\pic18-lt\cxx-framework\src\traditional\proc\p18f14k50.asm
               ADCON1bits   0x000fc1       data     extern E:\3.46\pic18-lt\cxx-framework\src\traditional\proc\p18f14k50.asm
                   ADCON1   0x000fc1       data     extern E:\3.46\pic18-lt\cxx-framework\src\traditional\proc\p18f14k50.asm
                   ADCON0   0x000fc2       data     extern E:\3.46\pic18-lt\cxx-framework\src\traditional\proc\p18f14k50.asm
               ADCON0bits   0x000fc2       data     extern E:\3.46\pic18-lt\cxx-framework\src\traditional\proc\p18f14k50.asm
                    ADRES   0x000fc3       data     extern E:\3.46\pic18-lt\cxx-framework\src\traditional\proc\p18f14k50.asm
                   ADRESL   0x000fc3       data     extern E:\3.46\pic18-lt\cxx-framework\src\traditional\proc\p18f14k50.asm
                   ADRESH   0x000fc4       data     extern E:\3.46\pic18-lt\cxx-framework\src\traditional\proc\p18f14k50.asm
                  SSPCON2   0x000fc5       data     extern E:\3.46\pic18-lt\cxx-framework\src\traditional\proc\p18f14k50.asm
              SSPCON2bits   0x000fc5       data     extern E:\3.46\pic18-lt\cxx-framework\src\traditional\proc\p18f14k50.asm
              SSPCON1bits   0x000fc6       data     extern E:\3.46\pic18-lt\cxx-framework\src\traditional\proc\p18f14k50.asm
                  SSPCON1   0x000fc6       data     extern E:\3.46\pic18-lt\cxx-framework\src\traditional\proc\p18f14k50.asm
                  SSPSTAT   0x000fc7       data     extern E:\3.46\pic18-lt\cxx-framework\src\traditional\proc\p18f14k50.asm
              SSPSTATbits   0x000fc7       data     extern E:\3.46\pic18-lt\cxx-framework\src\traditional\proc\p18f14k50.asm
                   SSPADD   0x000fc8       data     extern E:\3.46\pic18-lt\cxx-framework\src\traditional\proc\p18f14k50.asm
                   SSPBUF   0x000fc9       data     extern E:\3.46\pic18-lt\cxx-framework\src\traditional\proc\p18f14k50.asm
                    T2CON   0x000fca       data     extern E:\3.46\pic18-lt\cxx-framework\src\traditional\proc\p18f14k50.asm
                T2CONbits   0x000fca       data     extern E:\3.46\pic18-lt\cxx-framework\src\traditional\proc\p18f14k50.asm
                      PR2   0x000fcb       data     extern E:\3.46\pic18-lt\cxx-framework\src\traditional\proc\p18f14k50.asm
                     TMR2   0x000fcc       data     extern E:\3.46\pic18-lt\cxx-framework\src\traditional\proc\p18f14k50.asm
                    T1CON   0x000fcd       data     extern E:\3.46\pic18-lt\cxx-framework\src\traditional\proc\p18f14k50.asm
                T1CONbits   0x000fcd       data     extern E:\3.46\pic18-lt\cxx-framework\src\traditional\proc\p18f14k50.asm
                    TMR1L   0x000fce       data     extern E:\3.46\pic18-lt\cxx-framework\src\traditional\proc\p18f14k50.asm
                    TMR1H   0x000fcf       data     extern E:\3.46\pic18-lt\cxx-framework\src\traditional\proc\p18f14k50.asm
                     RCON   0x000fd0       data     extern E:\3.46\pic18-lt\cxx-framework\src\traditional\proc\p18f14k50.asm
                 RCONbits   0x000fd0       data     extern E:\3.46\pic18-lt\cxx-framework\src\traditional\proc\p18f14k50.asm
                   WDTCON   0x000fd1       data     extern E:\3.46\pic18-lt\cxx-framework\src\traditional\proc\p18f14k50.asm
               WDTCONbits   0x000fd1       data     extern E:\3.46\pic18-lt\cxx-framework\src\traditional\proc\p18f14k50.asm
                  OSCCON2   0x000fd2       data     extern E:\3.46\pic18-lt\cxx-framework\src\traditional\proc\p18f14k50.asm
              OSCCON2bits   0x000fd2       data     extern E:\3.46\pic18-lt\cxx-framework\src\traditional\proc\p18f14k50.asm
                   OSCCON   0x000fd3       data     extern E:\3.46\pic18-lt\cxx-framework\src\traditional\proc\p18f14k50.asm
               OSCCONbits   0x000fd3       data     extern E:\3.46\pic18-lt\cxx-framework\src\traditional\proc\p18f14k50.asm
                T0CONbits   0x000fd5       data     extern E:\3.46\pic18-lt\cxx-framework\src\traditional\proc\p18f14k50.asm
                    T0CON   0x000fd5       data     extern E:\3.46\pic18-lt\cxx-framework\src\traditional\proc\p18f14k50.asm
                    TMR0L   0x000fd6       data     extern E:\3.46\pic18-lt\cxx-framework\src\traditional\proc\p18f14k50.asm
                    TMR0H   0x000fd7       data     extern E:\3.46\pic18-lt\cxx-framework\src\traditional\proc\p18f14k50.asm
                   STATUS   0x000fd8       data     extern E:\3.46\pic18-lt\cxx-framework\src\traditional\proc\p18f14k50.asm
               STATUSbits   0x000fd8       data     extern E:\3.46\pic18-lt\cxx-framework\src\traditional\proc\p18f14k50.asm
                    FSR2L   0x000fd9       data     extern E:\3.46\pic18-lt\cxx-framework\src\traditional\proc\p18f14k50.asm
                     FSR2   0x000fd9       data     extern E:\3.46\pic18-lt\cxx-framework\src\traditional\proc\p18f14k50.asm
                    FSR2H   0x000fda       data     extern E:\3.46\pic18-lt\cxx-framework\src\traditional\proc\p18f14k50.asm
                   PLUSW2   0x000fdb       data     extern E:\3.46\pic18-lt\cxx-framework\src\traditional\proc\p18f14k50.asm
                  PREINC2   0x000fdc       data     extern E:\3.46\pic18-lt\cxx-framework\src\traditional\proc\p18f14k50.asm
                 POSTDEC2   0x000fdd       data     extern E:\3.46\pic18-lt\cxx-framework\src\traditional\proc\p18f14k50.asm
                 POSTINC2   0x000fde       data     extern E:\3.46\pic18-lt\cxx-framework\src\traditional\proc\p18f14k50.asm
                    INDF2   0x000fdf       data     extern E:\3.46\pic18-lt\cxx-framework\src\traditional\proc\p18f14k50.asm
                      BSR   0x000fe0       data     extern E:\3.46\pic18-lt\cxx-framework\src\traditional\proc\p18f14k50.asm
                    FSR1L   0x000fe1       data     extern E:\3.46\pic18-lt\cxx-framework\src\traditional\proc\p18f14k50.asm
                     FSR1   0x000fe1       data     extern E:\3.46\pic18-lt\cxx-framework\src\traditional\proc\p18f14k50.asm
                    FSR1H   0x000fe2       data     extern E:\3.46\pic18-lt\cxx-framework\src\traditional\proc\p18f14k50.asm
                   PLUSW1   0x000fe3       data     extern E:\3.46\pic18-lt\cxx-framework\src\traditional\proc\p18f14k50.asm
                  PREINC1   0x000fe4       data     extern E:\3.46\pic18-lt\cxx-framework\src\traditional\proc\p18f14k50.asm
                 POSTDEC1   0x000fe5       data     extern E:\3.46\pic18-lt\cxx-framework\src\traditional\proc\p18f14k50.asm
                 POSTINC1   0x000fe6       data     extern E:\3.46\pic18-lt\cxx-framework\src\traditional\proc\p18f14k50.asm
                    INDF1   0x000fe7       data     extern E:\3.46\pic18-lt\cxx-framework\src\traditional\proc\p18f14k50.asm
                     WREG   0x000fe8       data     extern E:\3.46\pic18-lt\cxx-framework\src\traditional\proc\p18f14k50.asm
                        W   0x000fe8       data     extern E:\3.46\pic18-lt\cxx-framework\src\traditional\proc\p18f14k50.asm
                     FSR0   0x000fe9       data     extern E:\3.46\pic18-lt\cxx-framework\src\traditional\proc\p18f14k50.asm
                    FSR0L   0x000fe9       data     extern E:\3.46\pic18-lt\cxx-framework\src\traditional\proc\p18f14k50.asm
                    FSR0H   0x000fea       data     extern E:\3.46\pic18-lt\cxx-framework\src\traditional\proc\p18f14k50.asm
                   PLUSW0   0x000feb       data     extern E:\3.46\pic18-lt\cxx-framework\src\traditional\proc\p18f14k50.asm
                  PREINC0   0x000fec       data     extern E:\3.46\pic18-lt\cxx-framework\src\traditional\proc\p18f14k50.asm
                 POSTDEC0   0x000fed       data     extern E:\3.46\pic18-lt\cxx-framework\src\traditional\proc\p18f14k50.asm
                 POSTINC0   0x000fee       data     extern E:\3.46\pic18-lt\cxx-framework\src\traditional\proc\p18f14k50.asm
                    INDF0   0x000fef       data     extern E:\3.46\pic18-lt\cxx-framework\src\traditional\proc\p18f14k50.asm
              INTCON3bits   0x000ff0       data     extern E:\3.46\pic18-lt\cxx-framework\src\traditional\proc\p18f14k50.asm
                  INTCON3   0x000ff0       data     extern E:\3.46\pic18-lt\cxx-framework\src\traditional\proc\p18f14k50.asm
              INTCON2bits   0x000ff1       data     extern E:\3.46\pic18-lt\cxx-framework\src\traditional\proc\p18f14k50.asm
                  INTCON2   0x000ff1       data     extern E:\3.46\pic18-lt\cxx-framework\src\traditional\proc\p18f14k50.asm
               INTCONbits   0x000ff2       data     extern E:\3.46\pic18-lt\cxx-framework\src\traditional\proc\p18f14k50.asm
                   INTCON   0x000ff2       data     extern E:\3.46\pic18-lt\cxx-framework\src\traditional\proc\p18f14k50.asm
                     PROD   0x000ff3       data     extern E:\3.46\pic18-lt\cxx-framework\src\traditional\proc\p18f14k50.asm
                    PRODL   0x000ff3       data     extern E:\3.46\pic18-lt\cxx-framework\src\traditional\proc\p18f14k50.asm
                    PRODH   0x000ff4       data     extern E:\3.46\pic18-lt\cxx-framework\src\traditional\proc\p18f14k50.asm
                   TABLAT   0x000ff5       data     extern E:\3.46\pic18-lt\cxx-framework\src\traditional\proc\p18f14k50.asm
                   TBLPTR   0x000ff6       data     extern E:\3.46\pic18-lt\cxx-framework\src\traditional\proc\p18f14k50.asm
                  TBLPTRL   0x000ff6       data     extern E:\3.46\pic18-lt\cxx-framework\src\traditional\proc\p18f14k50.asm
                  TBLPTRH   0x000ff7       data     extern E:\3.46\pic18-lt\cxx-framework\src\traditional\proc\p18f14k50.asm
                  TBLPTRU   0x000ff8       data     extern E:\3.46\pic18-lt\cxx-framework\src\traditional\proc\p18f14k50.asm
                      PCL   0x000ff9       data     extern E:\3.46\pic18-lt\cxx-framework\src\traditional\proc\p18f14k50.asm
                       PC   0x000ff9       data     extern E:\3.46\pic18-lt\cxx-framework\src\traditional\proc\p18f14k50.asm
                   PCLATH   0x000ffa       data     extern E:\3.46\pic18-lt\cxx-framework\src\traditional\proc\p18f14k50.asm
                   PCLATU   0x000ffb       data     extern E:\3.46\pic18-lt\cxx-framework\src\traditional\proc\p18f14k50.asm
               STKPTRbits   0x000ffc       data     extern E:\3.46\pic18-lt\cxx-framework\src\traditional\proc\p18f14k50.asm
                   STKPTR   0x000ffc       data     extern E:\3.46\pic18-lt\cxx-framework\src\traditional\proc\p18f14k50.asm
                      TOS   0x000ffd       data     extern E:\3.46\pic18-lt\cxx-framework\src\traditional\proc\p18f14k50.asm
                     TOSL   0x000ffd       data     extern E:\3.46\pic18-lt\cxx-framework\src\traditional\proc\p18f14k50.asm
                     TOSH   0x000ffe       data     extern E:\3.46\pic18-lt\cxx-framework\src\traditional\proc\p18f14k50.asm
                     TOSU   0x000fff       data     extern E:\3.46\pic18-lt\cxx-framework\src\traditional\proc\p18f14k50.asm


